[    0.000000] Initializing cgroup subsys cpuset
[    0.000000] Initializing cgroup subsys cpu
[    0.000000] Initializing cgroup subsys cpuacct
[    0.000000] Linux version 4.4.0-142-generic (buildd@lgw01-amd64-033) (gcc version 5.4.0 20160609 (Ubuntu 5.4.0-6ubuntu1~16.04.10) ) #168-Ubuntu SMP Wed Jan 16 21:00:45 UTC 2019 (Ubuntu 4.4.0-142.168-generic 4.4.167)
[    0.000000] Command line: BOOT_IMAGE=/boot/vmlinuz-4.4.0-142-generic root=LABEL=cloudimg-rootfs ro console=tty1 console=ttyS0
[    0.000000] KERNEL supported cpus:
[    0.000000]   Intel GenuineIntel
[    0.000000]   AMD AuthenticAMD
[    0.000000]   Centaur CentaurHauls
[    0.000000] x86/fpu: xstate_offset[2]:  576, xstate_sizes[2]:  256
[    0.000000] x86/fpu: Supporting XSAVE feature 0x01: 'x87 floating point registers'
[    0.000000] x86/fpu: Supporting XSAVE feature 0x02: 'SSE registers'
[    0.000000] x86/fpu: Supporting XSAVE feature 0x04: 'AVX registers'
[    0.000000] x86/fpu: Enabled xstate features 0x7, context size is 832 bytes, using 'standard' format.
[    0.000000] e820: BIOS-provided physical RAM map:
[    0.000000] BIOS-e820: [mem 0x0000000000000000-0x000000000009fbff] usable
[    0.000000] BIOS-e820: [mem 0x000000000009fc00-0x000000000009ffff] reserved
[    0.000000] BIOS-e820: [mem 0x00000000000f0000-0x00000000000fffff] reserved
[    0.000000] BIOS-e820: [mem 0x0000000000100000-0x000000003ffeffff] usable
[    0.000000] BIOS-e820: [mem 0x000000003fff0000-0x000000003fffffff] ACPI data
[    0.000000] BIOS-e820: [mem 0x00000000fec00000-0x00000000fec00fff] reserved
[    0.000000] BIOS-e820: [mem 0x00000000fee00000-0x00000000fee00fff] reserved
[    0.000000] BIOS-e820: [mem 0x00000000fffc0000-0x00000000ffffffff] reserved
[    0.000000] NX (Execute Disable) protection: active
[    0.000000] SMBIOS 2.5 present.
[    0.000000] Hypervisor detected: KVM
[    0.000000] e820: last_pfn = 0x3fff0 max_arch_pfn = 0x400000000
[    0.000000] MTRR: Disabled
[    0.000000] x86/PAT: MTRRs disabled, skipping PAT initialization too.
[    0.000000] CPU MTRRs all blank - virtualized system.
[    0.000000] x86/PAT: Configuration [0-7]: WB  WT  UC- UC  WB  WT  UC- UC  
[    0.000000] found SMP MP-table at [mem 0x0009fff0-0x0009ffff] mapped at [ffff88000009fff0]
[    0.000000] Scanning 1 areas for low memory corruption
[    0.000000] RAMDISK: [mem 0x3630a000-0x3717cfff]
[    0.000000] ACPI: Early table checksum verification disabled
[    0.000000] ACPI: RSDP 0x00000000000E0000 000024 (v02 VBOX  )
[    0.000000] ACPI: XSDT 0x000000003FFF0030 00003C (v01 VBOX   VBOXXSDT 00000001 ASL  00000061)
[    0.000000] ACPI: FACP 0x000000003FFF00F0 0000F4 (v04 VBOX   VBOXFACP 00000001 ASL  00000061)
[    0.000000] ACPI: DSDT 0x000000003FFF0470 0022EA (v02 VBOX   VBOXBIOS 00000002 INTL 20100528)
[    0.000000] ACPI: FACS 0x000000003FFF0200 000040
[    0.000000] ACPI: FACS 0x000000003FFF0200 000040
[    0.000000] ACPI: APIC 0x000000003FFF0240 00005C (v02 VBOX   VBOXAPIC 00000001 ASL  00000061)
[    0.000000] ACPI: SSDT 0x000000003FFF02A0 0001CC (v01 VBOX   VBOXCPUT 00000002 INTL 20100528)
[    0.000000] No NUMA configuration found
[    0.000000] Faking a node at [mem 0x0000000000000000-0x000000003ffeffff]
[    0.000000] NODE_DATA(0) allocated [mem 0x3ffeb000-0x3ffeffff]
[    0.000000] kvm-clock: Using msrs 4b564d01 and 4b564d00
[    0.000000] kvm-clock: cpu 0, msr 0:3ffe3001, primary cpu clock
[    0.000000] kvm-clock: using sched offset of 3826762649 cycles
[    0.000000] clocksource: kvm-clock: mask: 0xffffffffffffffff max_cycles: 0x1cd42e4dffb, max_idle_ns: 881590591483 ns
[    0.000000] Zone ranges:
[    0.000000]   DMA      [mem 0x0000000000001000-0x0000000000ffffff]
[    0.000000]   DMA32    [mem 0x0000000001000000-0x000000003ffeffff]
[    0.000000]   Normal   empty
[    0.000000]   Device   empty
[    0.000000] Movable zone start for each node
[    0.000000] Early memory node ranges
[    0.000000]   node   0: [mem 0x0000000000001000-0x000000000009efff]
[    0.000000]   node   0: [mem 0x0000000000100000-0x000000003ffeffff]
[    0.000000] Initmem setup node 0 [mem 0x0000000000001000-0x000000003ffeffff]
[    0.000000] ACPI: PM-Timer IO Port: 0x4008
[    0.000000] IOAPIC[0]: apic_id 2, version 32, address 0xfec00000, GSI 0-23
[    0.000000] ACPI: INT_SRC_OVR (bus 0 bus_irq 0 global_irq 2 dfl dfl)
[    0.000000] ACPI: INT_SRC_OVR (bus 0 bus_irq 9 global_irq 9 low level)
[    0.000000] Using ACPI (MADT) for SMP configuration information
[    0.000000] smpboot: Allowing 2 CPUs, 0 hotplug CPUs
[    0.000000] PM: Registered nosave memory: [mem 0x00000000-0x00000fff]
[    0.000000] PM: Registered nosave memory: [mem 0x0009f000-0x0009ffff]
[    0.000000] PM: Registered nosave memory: [mem 0x000a0000-0x000effff]
[    0.000000] PM: Registered nosave memory: [mem 0x000f0000-0x000fffff]
[    0.000000] e820: [mem 0x40000000-0xfebfffff] available for PCI devices
[    0.000000] Booting paravirtualized kernel on KVM
[    0.000000] clocksource: refined-jiffies: mask: 0xffffffff max_cycles: 0xffffffff, max_idle_ns: 7645519600211568 ns
[    0.000000] setup_percpu: NR_CPUS:512 nr_cpumask_bits:512 nr_cpu_ids:2 nr_node_ids:1
[    0.000000] PERCPU: Embedded 34 pages/cpu @ffff88003fc00000 s99480 r8192 d31592 u1048576
[    0.000000] Built 1 zonelists in Node order, mobility grouping on.  Total pages: 257912
[    0.000000] Policy zone: DMA32
[    0.000000] Kernel command line: BOOT_IMAGE=/boot/vmlinuz-4.4.0-142-generic root=LABEL=cloudimg-rootfs ro console=tty1 console=ttyS0
[    0.000000] PID hash table entries: 4096 (order: 3, 32768 bytes)
[    0.000000] Memory: 997736K/1048120K available (8603K kernel code, 1332K rwdata, 4004K rodata, 1484K init, 1316K bss, 50384K reserved, 0K cma-reserved)
[    0.000000] SLUB: HWalign=64, Order=0-3, MinObjects=0, CPUs=2, Nodes=1
[    0.000000] Kernel/User page tables isolation: enabled
[    0.000000] Hierarchical RCU implementation.
[    0.000000] 	Build-time adjustment of leaf fanout to 64.
[    0.000000] 	RCU restricting CPUs from NR_CPUS=512 to nr_cpu_ids=2.
[    0.000000] RCU: Adjusting geometry for rcu_fanout_leaf=64, nr_cpu_ids=2
[    0.000000] NR_IRQS:33024 nr_irqs:440 16
[    0.000000] Console: colour VGA+ 80x25
[    0.000000] console [tty1] enabled
[    0.000000] console [ttyS0] enabled
[    0.000000] tsc: Detected 2496.002 MHz processor
[    0.266869] Calibrating delay loop (skipped) preset value.. 4992.00 BogoMIPS (lpj=9984008)
[    0.269941] pid_max: default: 32768 minimum: 301
[    0.271610] ACPI: Core revision 20150930
[    0.275676] ACPI: 2 ACPI AML tables successfully acquired and loaded
[    0.278301] Security Framework initialized
[    0.279867] Yama: becoming mindful.
[    0.281198] AppArmor: AppArmor initialized
[    0.282960] Dentry cache hash table entries: 131072 (order: 8, 1048576 bytes)
[    0.286366] Inode-cache hash table entries: 65536 (order: 7, 524288 bytes)
[    0.288793] Mount-cache hash table entries: 2048 (order: 2, 16384 bytes)
[    0.290988] Mountpoint-cache hash table entries: 2048 (order: 2, 16384 bytes)
[    0.293984] Initializing cgroup subsys io
[    0.295755] Initializing cgroup subsys memory
[    0.297538] Initializing cgroup subsys devices
[    0.299131] Initializing cgroup subsys freezer
[    0.300724] Initializing cgroup subsys net_cls
[    0.302394] Initializing cgroup subsys perf_event
[    0.304079] Initializing cgroup subsys net_prio
[    0.306028] Initializing cgroup subsys hugetlb
[    0.308516] Initializing cgroup subsys pids
[    0.312702] mce: CPU supports 0 MCE banks
[    0.314578] Last level iTLB entries: 4KB 64, 2MB 8, 4MB 8
[    0.316394] Last level dTLB entries: 4KB 64, 2MB 0, 4MB 0, 1GB 4
[    0.318377] Spectre V2 : Mitigation: Full generic retpoline
[    0.320214] Spectre V2 : Spectre v2 / SpectreRSB mitigation: Filling RSB on context switch
[    0.323308] Speculative Store Bypass: Vulnerable
[    0.330016] Freeing SMP alternatives memory: 32K
[    0.341651] ftrace: allocating 32277 entries in 127 pages
[    0.432581] smpboot: APIC(0) Converting physical 0 to logical package 0
[    0.435148] smpboot: Max logical packages: 1
[    0.437231] x2apic enabled
[    0.438899] Switched APIC routing to physical x2apic.
[    0.442424] ..TIMER: vector=0x30 apic1=0 pin1=2 apic2=-1 pin2=-1
[    0.550319] smpboot: CPU0: Intel(R) Core(TM) i5-6300U CPU @ 2.40GHz (family: 0x6, model: 0x4e, stepping: 0x3)
[    0.554049] Performance Events: unsupported p6 CPU model 78 no PMU driver, software events only.
[    0.571227] KVM setup paravirtual spinlock
[    0.573743] x86: Booting SMP configuration:
[    0.575334] .... node  #0, CPUs:      #1
[    0.576795] kvm-clock: cpu 1, msr 0:3ffe3041, secondary cpu clock
[    0.579873] mce: CPU supports 0 MCE banks
[    0.582998] x86: Booted up 1 node, 2 CPUs
[    0.584893] smpboot: Total of 2 processors activated (9984.00 BogoMIPS)
[    0.587610] devtmpfs: initialized
[    0.591404] evm: security.selinux
[    0.592694] evm: security.SMACK64
[    0.593969] evm: security.SMACK64EXEC
[    0.595407] evm: security.SMACK64TRANSMUTE
[    0.596649] evm: security.SMACK64MMAP
[    0.598012] evm: security.ima
[    0.599498] evm: security.capability
[    0.601185] clocksource: jiffies: mask: 0xffffffff max_cycles: 0xffffffff, max_idle_ns: 7645041785100000 ns
[    0.604804] futex hash table entries: 512 (order: 3, 32768 bytes)
[    0.606976] pinctrl core: initialized pinctrl subsystem
[    0.608697] RTC time:  9:36:32, date: 03/01/19
[    0.610101] NET: Registered protocol family 16
[    0.623421] cpuidle: using governor ladder
[    0.636109] cpuidle: using governor menu
[    0.637567] PCCT header not found.
[    0.638979] ACPI: bus type PCI registered
[    0.640394] acpiphp: ACPI Hot Plug PCI Controller Driver version: 0.5
[    0.642559] PCI: Using configuration type 1 for base access
[    0.656390] ACPI: Added _OSI(Module Device)
[    0.658083] ACPI: Added _OSI(Processor Device)
[    0.659765] ACPI: Added _OSI(3.0 _SCP Extensions)
[    0.661548] ACPI: Added _OSI(Processor Aggregator Device)
[    0.664764] ACPI: Executed 1 blocks of module-level executable AML code
[    0.671387] ACPI: Interpreter enabled
[    0.672844] ACPI: (supports S0 S5)
[    0.674117] ACPI: Using IOAPIC for interrupt routing
[    0.676267] PCI: Using host bridge windows from ACPI; if necessary, use "pci=nocrs" and report a bug
[    0.684883] ACPI: PCI Root Bridge [PCI0] (domain 0000 [bus 00-ff])
[    0.687583] acpi PNP0A03:00: _OSC: OS supports [ASPM ClockPM Segments MSI]
[    0.690466] acpi PNP0A03:00: _OSC: not requesting OS control; OS requires [ExtendedConfig ASPM ClockPM MSI]
[    0.693917] acpi PNP0A03:00: fail to add MMCONFIG information, can't access extended PCI configuration space under this bridge.
[    0.698359] PCI host bridge to bus 0000:00
[    0.699934] pci_bus 0000:00: root bus resource [io  0x0000-0x0cf7 window]
[    0.702130] pci_bus 0000:00: root bus resource [io  0x0d00-0xffff window]
[    0.704003] pci_bus 0000:00: root bus resource [mem 0x000a0000-0x000bffff window]
[    0.706589] pci_bus 0000:00: root bus resource [mem 0x40000000-0xfdffffff window]
[    0.709419] pci_bus 0000:00: root bus resource [bus 00-ff]
[    0.714765] pci 0000:00:01.1: legacy IDE quirk: reg 0x10: [io  0x01f0-0x01f7]
[    0.717091] pci 0000:00:01.1: legacy IDE quirk: reg 0x14: [io  0x03f6]
[    0.719305] pci 0000:00:01.1: legacy IDE quirk: reg 0x18: [io  0x0170-0x0177]
[    0.721639] pci 0000:00:01.1: legacy IDE quirk: reg 0x1c: [io  0x0376]
[    0.746565] pci 0000:00:07.0: quirk: [io  0x4000-0x403f] claimed by PIIX4 ACPI
[    0.749630] pci 0000:00:07.0: quirk: [io  0x4100-0x410f] claimed by PIIX4 SMB
[    0.779521] ACPI: PCI Interrupt Link [LNKA] (IRQs 5 9 10 *11)
[    0.782661] ACPI: PCI Interrupt Link [LNKB] (IRQs 5 9 *10 11)
[    0.785299] ACPI: PCI Interrupt Link [LNKC] (IRQs 5 *9 10 11)
[    0.787981] ACPI: PCI Interrupt Link [LNKD] (IRQs 5 9 10 *11)
[    0.791140] ACPI: Enabled 2 GPEs in block 00 to 07
[    0.793500] vgaarb: setting as boot device: PCI:0000:00:02.0
[    0.795795] vgaarb: device added: PCI:0000:00:02.0,decodes=io+mem,owns=io+mem,locks=none
[    0.798745] vgaarb: loaded
[    0.799966] vgaarb: bridge control possible 0000:00:02.0
[    0.801931] SCSI subsystem initialized
[    0.803620] ACPI: bus type USB registered
[    0.805163] usbcore: registered new interface driver usbfs
[    0.807076] usbcore: registered new interface driver hub
[    0.808879] usbcore: registered new device driver usb
[    0.815051] PCI: Using ACPI for IRQ routing
[    0.816974] NetLabel: Initializing
[    0.818376] NetLabel:  domain hash size = 128
[    0.820006] NetLabel:  protocols = UNLABELED CIPSOv4
[    0.821698] NetLabel:  unlabeled traffic allowed by default
[    0.823400] amd_nb: Cannot enumerate AMD northbridges
[    0.824810] clocksource: Switched to clocksource kvm-clock
[    0.837825] AppArmor: AppArmor Filesystem Enabled
[    0.839908] pnp: PnP ACPI init
[    0.842515] pnp: PnP ACPI: found 3 devices
[    0.855152] clocksource: acpi_pm: mask: 0xffffff max_cycles: 0xffffff, max_idle_ns: 2085701024 ns
[    0.858309] NET: Registered protocol family 2
[    0.860144] TCP established hash table entries: 8192 (order: 4, 65536 bytes)
[    0.862848] TCP bind hash table entries: 8192 (order: 5, 131072 bytes)
[    0.865442] TCP: Hash tables configured (established 8192 bind 8192)
[    0.867606] UDP hash table entries: 512 (order: 2, 16384 bytes)
[    0.869526] UDP-Lite hash table entries: 512 (order: 2, 16384 bytes)
[    0.871960] NET: Registered protocol family 1
[    0.873628] pci 0000:00:00.0: Limiting direct PCI/PCI transfers
[    0.875805] pci 0000:00:01.0: Activating ISA DMA hang workarounds
[    0.878653] Unpacking initramfs...
[    1.122470] Freeing initrd memory: 14796K
[    1.124257] platform rtc_cmos: registered platform RTC device (no PNP device found)
[    1.127531] Scanning for low memory corruption every 60 seconds
[    1.130071] audit: initializing netlink subsys (disabled)
[    1.132085] audit: type=2000 audit(1551432997.772:1): initialized
[    1.134163] Initialise system trusted keyring
[    1.136269] HugeTLB registered 2 MB page size, pre-allocated 0 pages
[    1.139562] zbud: loaded
[    1.141222] VFS: Disk quotas dquot_6.6.0
[    1.142801] VFS: Dquot-cache hash table entries: 512 (order 0, 4096 bytes)
[    1.144968] squashfs: version 4.0 (2009/01/31) Phillip Lougher
[    1.147571] fuse init (API version 7.23)
[    1.149332] Key type big_key registered
[    1.150917] Allocating IMA MOK and blacklist keyrings.
[    1.153988] Key type asymmetric registered
[    1.155813] Asymmetric key parser 'x509' registered
[    1.157695] Block layer SCSI generic (bsg) driver version 0.4 loaded (major 249)
[    1.160732] io scheduler noop registered
[    1.162668] io scheduler deadline registered (default)
[    1.164523] io scheduler cfq registered
[    1.166130] pci_hotplug: PCI Hot Plug PCI Core version: 0.5
[    1.167958] pciehp: PCI Express Hot Plug Controller Driver version: 0.4
[    1.171322] ACPI: AC Adapter [AC] (on-line)
[    1.173040] input: Power Button as /devices/LNXSYSTM:00/LNXPWRBN:00/input/input0
[    1.175814] ACPI: Power Button [PWRF]
[    1.177485] input: Sleep Button as /devices/LNXSYSTM:00/LNXSLPBN:00/input/input1
[    1.180415] ACPI: Sleep Button [SLPF]
[    1.183015] ACPI: Battery Slot [BAT0] (battery present)
[    1.184948] GHES: HEST is not enabled!
[    1.186557] Serial: 8250/16550 driver, 32 ports, IRQ sharing enabled
 	
 !"#$%&'()*+,-./0123456789:;<=>?@ABCDEFGHIJKLMNOPQRSTUVWXYZ[\]^_`abcdefghijklmnopqrstuvwxyz{|}~ÄÅÇÉÑÖÜáàâäãåçéèêëíìîïñóòôöõúùûü†°¢£§•¶ß®©™´¨≠ÆØ∞±≤≥¥µ∂∑∏π∫ªºΩæø¿¡¬√ƒ≈∆«»… ÀÃÕŒœ–—“”‘’÷◊ÿŸ⁄€‹›ﬁﬂ‡·‚„‰ÂÊÁËÈÍÎÏÌÓÔÒÚÛÙıˆ˜¯˘˙˚¸˝˛ˇ[    1.213734] 00:02: ttyS0 at I/O 0x3f8 (irq = 4, base_baud = 115200) is a 16550A
[    1.218247] Linux agpgart interface v0.103
[    1.222212] loop: module loaded
[    1.224296] scsi host0: ata_piix
[    1.225992] scsi host1: ata_piix
[    1.227706] ata1: PATA max UDMA/33 cmd 0x1f0 ctl 0x3f6 bmdma 0xd000 irq 14
[    1.230188] ata2: PATA max UDMA/33 cmd 0x170 ctl 0x376 bmdma 0xd008 irq 15
[    1.232961] libphy: Fixed MDIO Bus: probed
[    1.234623] tun: Universal TUN/TAP device driver, 1.6
[    1.236571] tun: (C) 1999-2004 Max Krasnyansky <maxk@qualcomm.com>
[    1.239317] PPP generic driver version 2.4.2
[    1.241106] ehci_hcd: USB 2.0 'Enhanced' Host Controller (EHCI) Driver
[    1.243503] ehci-pci: EHCI PCI platform driver
[    1.245337] ehci-platform: EHCI generic platform driver
[    1.247338] ohci_hcd: USB 1.1 'Open' Host Controller (OHCI) Driver
[    1.249468] ohci-pci: OHCI PCI platform driver
[    1.251180] ohci-platform: OHCI generic platform driver
[    1.253040] uhci_hcd: USB Universal Host Controller Interface driver
[    1.255106] i8042: PNP: PS/2 Controller [PNP0303:PS2K,PNP0f03:PS2M] at 0x60,0x64 irq 1,12
[    1.259404] serio: i8042 KBD port at 0x60,0x64 irq 1
[    1.261532] serio: i8042 AUX port at 0x60,0x64 irq 12
[    1.263529] mousedev: PS/2 mouse device common for all mice
[    1.266386] rtc_cmos rtc_cmos: rtc core: registered rtc_cmos as rtc0
[    1.268860] input: AT Translated Set 2 keyboard as /devices/platform/i8042/serio0/input/input2
[    1.272141] rtc_cmos rtc_cmos: alarms up to one day, 114 bytes nvram
[    1.274271] i2c /dev entries driver
[    1.275754] device-mapper: uevent: version 1.0.3
[    1.277632] device-mapper: ioctl: 4.34.0-ioctl (2015-10-28) initialised: dm-devel@redhat.com
[    1.280881] ledtrig-cpu: registered to indicate activity on CPUs
[    1.283736] NET: Registered protocol family 10
[    1.285540] NET: Registered protocol family 17
[    1.287046] Key type dns_resolver registered
[    1.289339] registered taskstats version 1
[    1.290870] Loading compiled-in X.509 certificates
[    1.293188] Loaded X.509 cert 'Build time autogenerated kernel key: bff73e56bc0efa7435b2a24f5427674623f1be80'
[    1.297516] zswap: loaded using pool lzo/zbud
[    1.301440] Key type trusted registered
[    1.307542] Key type encrypted registered
[    1.308717] AppArmor: AppArmor sha1 policy hashing enabled
[    1.310741] ima: No TPM chip found, activating TPM-bypass!
[    1.313130] ima: Allocated hash algorithm: sha1
[    1.314853] evm: HMAC attrs: 0x1
[    1.316639]   Magic number: 11:588:625
[    1.318331] rtc_cmos rtc_cmos: setting system clock to 2019-03-01 09:36:33 UTC (1551432993)
[    1.322086] BIOS EDD facility v0.16 2004-Jun-25, 0 devices found
[    1.324183] EDD information not available.
[    1.390681] Freeing unused kernel memory: 1484K
[    1.392556] Write protecting the kernel read-only data: 14336k
[    1.395169] Freeing unused kernel memory: 1624K
[    1.397373] Freeing unused kernel memory: 92K
Loading, please wait...
starting version 229
[    1.416192] random: systemd-udevd: uninitialized urandom read (16 bytes read, 3 bits of entropy available)
[    1.417203] random: udevadm: uninitialized urandom read (16 bytes read, 3 bits of entropy available)
[    1.417228] random: udevadm: uninitialized urandom read (16 bytes read, 3 bits of entropy available)
[    1.426543] random: udevadm: uninitialized urandom read (16 bytes read, 3 bits of entropy available)
[    1.426614] random: udevadm: uninitialized urandom read (16 bytes read, 3 bits of entropy available)
[    1.426770] random: udevadm: uninitialized urandom read (16 bytes read, 3 bits of entropy available)
[    1.426822] random: udevadm: uninitialized urandom read (16 bytes read, 3 bits of entropy available)
[    1.426873] random: udevadm: uninitialized urandom read (16 bytes read, 3 bits of entropy available)
[    1.426929] random: udevadm: uninitialized urandom read (16 bytes read, 3 bits of entropy available)
[    1.426979] random: udevadm: uninitialized urandom read (16 bytes read, 3 bits of entropy available)
[    1.503851] Fusion MPT base driver 3.04.20
[    1.505522] Copyright (c) 1999-2008 LSI Corporation
[    1.509029] e1000: Intel(R) PRO/1000 Network Driver - version 7.3.21-k8-NAPI
[    1.511499] e1000: Copyright (c) 1999-2006 Intel Corporation.
[    1.528544] AVX2 version of gcm_enc/dec engaged.
[    1.529934] AES CTR mode by8 optimization enabled
[    1.534701] Fusion MPT SPI Host driver 3.04.20
[    1.693700] input: ImExPS/2 Generic Explorer Mouse as /devices/platform/i8042/serio1/input/input4
[    1.934460] e1000 0000:00:03.0 eth0: (PCI:33MHz:32-bit) 02:a9:46:80:4d:77
[    1.936246] e1000 0000:00:03.0 eth0: Intel(R) PRO/1000 Network Connection
[    1.938999] mptbase: ioc0: Initiating bringup
[    1.939784] e1000 0000:00:03.0 enp0s3: renamed from eth0
[    2.117432] ioc0: LSI53C1030 A0: Capabilities={Initiator}
[    2.120999] tsc: Refined TSC clocksource calibration: 2495.430 MHz
[    2.123385] clocksource: tsc: mask: 0xffffffffffffffff max_cycles: 0x23f85cca264, max_idle_ns: 440795249910 ns
[    2.810846] scsi host2: ioc0: LSI53C1030 A0, FwRev=00000000h, Ports=1, MaxQ=256, IRQ=20
[    2.952581] scsi 2:0:0:0: Direct-Access     VBOX     HARDDISK         1.0  PQ: 0 ANSI: 5
[    2.955717] scsi target2:0:0: Beginning Domain Validation
[    2.961151] scsi target2:0:0: Domain Validation skipping write tests
[    2.963138] scsi target2:0:0: Ending Domain Validation
[    2.964798] scsi target2:0:0: asynchronous
[    2.967601] scsi 2:0:1:0: Direct-Access     VBOX     HARDDISK         1.0  PQ: 0 ANSI: 5
[    2.970352] scsi target2:0:1: Beginning Domain Validation
[    2.975642] scsi target2:0:1: Domain Validation skipping write tests
[    2.978151] scsi target2:0:1: Ending Domain Validation
[    2.980188] scsi target2:0:1: asynchronous
[    2.991936] sd 2:0:0:0: Attached scsi generic sg0 type 0
[    2.994953] sd 2:0:0:0: [sda] 20971520 512-byte logical blocks: (10.7 GB/10.0 GiB)
[    3.014010] sd 2:0:0:0: [sda] Write Protect is off
[    3.014088] sd 2:0:1:0: [sdb] 20480 512-byte logical blocks: (10.5 MB/10.0 MiB)
[    3.014303] sd 2:0:1:0: [sdb] Write Protect is off
[    3.014544] sd 2:0:1:0: [sdb] Incomplete mode parameter data
[    3.014545] sd 2:0:1:0: [sdb] Assuming drive cache: write through
[    3.019241] sd 2:0:1:0: Attached scsi generic sg1 type 0
[    3.021783] sd 2:0:1:0: [sdb] Attached SCSI disk
[    3.028108] sd 2:0:0:0: [sda] Incomplete mode parameter data
[    3.029848] sd 2:0:0:0: [sda] Assuming drive cache: write through
[    3.033556]  sda: sda1
[    3.035415] sd 2:0:0:0: [sda] Attached SCSI disk
Begin: Loading essential drivers ... [    4.685329] md: linear personality registered for level -1
[    4.689868] md: multipath personality registered for level -4
[    4.695138] md: raid0 personality registered for level 0
[    4.702333] md: raid1 personality registered for level 1
[    4.773137] raid6: sse2x1   gen()  8115 MB/s
[    4.841454] raid6: sse2x1   xor()  4997 MB/s
[    4.908844] raid6: sse2x2   gen()  7407 MB/s
[    4.977469] raid6: sse2x2   xor()  4677 MB/s
[    5.044839] raid6: sse2x4   gen()  7101 MB/s
[    5.112836] raid6: sse2x4   xor()  4701 MB/s
[    5.181133] raid6: avx2x1   gen()  9815 MB/s
[    5.249466] raid6: avx2x2   gen() 11677 MB/s
[    5.316864] raid6: avx2x4   gen() 12437 MB/s
[    5.318600] raid6: using algorithm avx2x4 gen() 12437 MB/s
[    5.321117] raid6: using avx2x2 recovery algorithm
[    5.325640] xor: automatically using best checksumming function:
[    5.365494]    avx       : 15586.000 MB/sec
[    5.370372] async_tx: api initialized (async)
[    5.386085] md: raid6 personality registered for level 6
[    5.390597] md: raid5 personality registered for level 5
[    5.392439] md: raid4 personality registered for level 4
[    5.404775] md: raid10 personality registered for level 10
done.
Begin: Running /scripts/init-premount ... done.
Begin: Mounting root file system ... Begin: Running /scripts/local-top ... done.
Begin: Running /scripts/local-premount ... [    5.457972] Btrfs loaded
Scanning for Btrfs filesystems
done.
Warning: fsck not present, so skipping root file system
[    5.495402] EXT4-fs (sda1): mounted filesystem with ordered data mode. Opts: (null)
done.
Begin: Running /scripts/local-bottom ... done.
Begin: Running /scripts/init-bottom ... done.
[    5.627006] systemd[1]: systemd 229 running in system mode. (+PAM +AUDIT +SELINUX +IMA +APPARMOR +SMACK +SYSVINIT +UTMP +LIBCRYPTSETUP +GCRYPT +GNUTLS +ACL +XZ -LZ4 +SECCOMP +BLKID +ELFUTILS +KMOD -IDN)
[    5.633736] systemd[1]: Detected virtualization oracle.
[    5.635704] systemd[1]: Detected architecture x86-64.

Welcome to [1mUbuntu 16.04.5 LTS[0m!

[    5.642236] systemd[1]: Set hostname to <ubuntu>.
[    5.646255] systemd[1]: Initializing machine ID from random generator.
[    5.647998] systemd[1]: Installed transient /etc/machine-id file.
[    5.786359] systemd[1]: Reached target User and Group Name Lookups.
[[0;32m  OK  [0m] Reached target User and Group Name Lookups.
[    5.789424] systemd[1]: Listening on Syslog Socket.
[[0;32m  OK  [0m] Listening on Syslog Socket.
[    5.792021] systemd[1]: Listening on Journal Socket (/dev/log).
[[0;32m  OK  [0m] Listening on Journal Socket (/dev/log).
[    5.795895] systemd[1]: Created slice System Slice.
[[0;32m  OK  [0m] Created slice System Slice.
[    5.798442] systemd[1]: Reached target System Time Synchronized.
[[0;32m  OK  [0m] Reached target System Time Synchronized.
[    5.801292] systemd[1]: Listening on LVM2 metadata daemon socket.
[[0;32m  OK  [0m] Listening on LVM2 metadata daemon socket.
[    5.804425] systemd[1]: Created slice User and Session Slice.
[[0;32m  OK  [0m] Created slice User and Session Slice.
[    5.807176] systemd[1]: Reached target Slices.
[[0;32m  OK  [0m] Reached target Slices.
[    5.810653] systemd[1]: Listening on Device-mapper event daemon FIFOs.
[[0;32m  OK  [0m] Listening on Device-mapper event daemon FIFOs.
[    5.813803] systemd[1]: Listening on LVM2 poll daemon socket.
[[0;32m  OK  [0m] Listening on LVM2 poll daemon socket.
[    5.816739] systemd[1]: Reached target Encrypted Volumes.
[[0;32m  OK  [0m] Reached target Encrypted Volumes.
[    5.819565] systemd[1]: Listening on /dev/initctl Compatibility Named Pipe.
[[0;32m  OK  [0m] Listening on /dev/initctl Compatibility Named Pipe.
[    5.822788] systemd[1]: Reached target Swap.
[[0;32m  OK  [0m] Reached target Swap.
[    5.825132] systemd[1]: Listening on udev Kernel Socket.
[[0;32m  OK  [0m] Listening on udev Kernel Socket.
[    5.827949] systemd[1]: Listening on Journal Socket.
[[0;32m  OK  [0m] Listening on Journal Socket.
[    5.845613] systemd[1]: Mounting Debug File System...
         Mounting Debug File System...
[    5.848975] systemd[1]: Starting Set console keymap...
         Starting Set console keymap...
[    5.853823] systemd[1]: Starting Nameserver information manager...
         Starting Nameserver information manager...
[    5.857716] systemd[1]: Mounting Huge Pages File System...
         Mounting Huge Pages File System...
[    5.861797] systemd[1]: Starting Uncomplicated firewall...
         Starting Uncomplicated firewall...
[    5.866438] systemd[1]: Starting Monitoring of LVM2 mirrors, snapshots etc. using dmeventd or progress polling...
         Starting Monitoring of LVM2 mirrors... dmeventd or progress polling...
[    5.873391] systemd[1]: Starting Remount Root and Kernel File Systems...
         Starting Remount Root and Kernel File Systems...
[    5.882172] systemd[1]: Starting Create list of required static device nodes for the current kernel...
         Starting Create list of required st... nodes for the current kernel...
[    5.895165] systemd[1]: Starting Load Kernel Modules...
         Starting Load Kernel Modules...[    5.898215] EXT4-fs (sda1): re-mounted. Opts: (null)

[    5.901456] systemd[1]: Started Trigger resolvconf update for networkd DNS.
[[0;32m  OK  [0m] Started Trigger resolvconf update for networkd DNS.
[    5.906172] systemd[1]: Listening on udev Control Socket.
[[0;32m  OK  [0m] Listening on udev Control Socket.
[    5.913871] Loading iSCSI transport class v2.0-870.
[    5.917553] systemd[1]: Started Forward Password Requests to Wall Directory Watch.
[[0;32m  OK  [0m] Started Forward Password Requests to Wall Directory Watch.
[    5.922387] systemd[1]: Created slice system-serial\x2dgetty.slice.
[[0;32m  OK  [0m] Created slice system-serial\x2dgetty.slice.
[    5.927417] iscsi: registered transport (tcp)
[    5.945472] systemd[1]: Mounting POSIX Message Queue File System...
         Mounting POSIX Message Queue File System...
[    5.951689] systemd[1]: Listening on Journal Audit Socket.
[[0;32m  OK  [0m] Listening on Journal Audit Socket.
[    5.956303] systemd[1]: Starting Journal Service...
         Starting Journal Service...
[    5.964933] systemd[1]: Set up automount Arbitrary Executable File Formats File System Automount Point.
[[0;32m  OK  [0m] Set up automount Arbitrary Executab...ats File System Automount Point.
[    5.973392] systemd[1]: Mounted Huge Pages File System.
[[0;32m  OK  [0m] Mounted Huge Pages File System.
[    5.976868] systemd[1]: Mounted Debug File System.
[[0;32m  OK  [0m] Mounted Debug File System.
[    5.980292] systemd[1]: Mounted POSIX Message Queue File System.
[[0;32m  OK  [0m] Mounted POSIX Message Queue File System.
[    5.988096] systemd[1]: Started Uncomplicated firewall.
[[0;32m  OK  [0m] Started Uncomplicated firewall.
[    5.992567] iscsi: registered transport (iser)
[    5.996380] systemd[1]: Started Remount Root and Kernel File Systems.
[[0;32m  OK  [0m] Started Remount Root and Kernel File Systems.
[    6.001024] systemd[1]: Started Create list of required static device nodes for the current kernel.
[[0;32m  OK  [0m] Started Create list of required sta...ce nodes for the current kernel.
[    6.007600] systemd[1]: Started Load Kernel Modules.
[[0;32m  OK  [0m] Started Load Kernel Modules.
[    6.012018] systemd[1]: Started Set console keymap.
[[0;32m  OK  [0m] Started Set console keymap.
[    6.025340] systemd[1]: Started Nameserver information manager.
[[0;32m  OK  [0m] Started Nameserver information manager.
[    6.031489] systemd[1]: Started Journal Service.
[[0;32m  OK  [0m] Started Journal Service.
[[0;32m  OK  [0m] Started LVM2 metadata daemon.
         Starting Apply Kernel Variables...
         Mounting FUSE Control File System...
         Starting Create Static Device Nodes in /dev...
         Starting Load/Save Random Seed...
         Starting Flush Journal to Persistent Storage...
         Starting udev Coldplug all Devices...
[[0;32m  OK  [0m] Mounted FUSE Control File System.
[[0;32m  OK  [0m] Started Apply Kernel Variables.
[[0;32m  OK  [0m] Started Load/Save Random Seed.
[[0;32m  OK  [0m] Started Create Static Device Nodes in /dev.
[[0;32m  OK  [0m] Started Flush Journal to Persistent Storage.
[[0;32m  OK  [0m] Started udev Coldplug all Devices.
         Starting udev Kernel Device Manager...
[[0;32m  OK  [0m] Started udev Kernel Device Manager.
[[0;32m  OK  [0m] Started Dispatch Password Requests to Console Directory Watch.
[[0;32m  OK  [0m] Found device /dev/ttyS0.
[[0;32m  OK  [0m] Listening on Load/Save RF Kill Switch Status /dev/rfkill Watch.
[[0;32m  OK  [0m] Started Monitoring of LVM2 mirrors,...ng dmeventd or progress polling.
[[0;32m  OK  [0m] Reached target Local File Systems (Pre).
[[0;32m  OK  [0m] Reached target Local File Systems.
         Starting Commit a transient machine-id on disk...
         Starting LSB: AppArmor initialization...
         Starting Tell Plymouth To Write Out Runtime Data...
         Starting Create Volatile Files and Directories...
         Starting Set console font and keymap...
         Starting Initial cloud-init job (pre-networking)...
[[0;32m  OK  [0m] Started Commit a transient machine-id on disk.
[[0;32m  OK  [0m] Started Tell Plymouth To Write Out Runtime Data.
[[0;32m  OK  [0m] Started Create Volatile Files and Directories.
         Starting Update UTMP about System Boot/Shutdown...
[[0;32m  OK  [0m] Started Update UTMP about System Boot/Shutdown.
[[0;32m  OK  [0m] Started Set console font and keymap.
[[0;32m  OK  [0m] Created slice system-getty.slice.
[    8.912269] cloud-init[628]: Cloud-init v. 18.4-0ubuntu1~16.04.2 running 'init-local' at Fri, 01 Mar 2019 09:36:40 +0000. Up 8.22 seconds.
[[0;32m  OK  [0m] Started Initial cloud-init job (pre-networking).
[[0;32m  OK  [0m] Reached target Network (Pre).
[[0;32m  OK  [0m] Started LSB: AppArmor initialization.
         Starting Raise network interfaces...
[[0;32m  OK  [0m] Started Raise network interfaces.
         Starting Initial cloud-init job (metadata service crawler)...
[[0;32m  OK  [0m] Reached target Network.
[   11.073664] cloud-init[936]: Cloud-init v. 18.4-0ubuntu1~16.04.2 running 'init' at Fri, 01 Mar 2019 09:36:43 +0000. Up 10.39 seconds.
[   11.076435] cloud-init[936]: ci-info: ++++++++++++++++++++++++++++++++++++++Net device info++++++++++++++++++++++++++++++++++++++
[   11.078639] cloud-init[936]: ci-info: +--------+------+----------------------------+---------------+--------+-------------------+
[   11.088528] cloud-init[936]: ci-info: | Device |  Up  |          Address           |      Mask     | Scope  |     Hw-Address    |
[   11.090292] cloud-init[936]: ci-info: +--------+------+----------------------------+---------------+--------+-------------------+
[   11.092207] cloud-init[936]: ci-info: | enp0s3 | True |         10.0.2.15          | 255.255.255.0 | global | 02:a9:46:80:4d:77 |
[   11.094051] cloud-init[936]: ci-info: | enp0s3 | True | fe80::a9:46ff:fe80:4d77/64 |       .       |  link  | 02:a9:46:80:4d:77 |
[   11.101197] cloud-init[936]: ci-info: |   lo   | True |         127.0.0.1          |   255.0.0.0   |  host  |         .         |
[   11.103020] cloud-init[936]: ci-info: |   lo   | True |          ::1/128           |       .       |  host  |         .         |
[   11.112788] cloud-init[936]: ci-info: +--------+------+----------------------------+---------------+--------+-------------------+
[   11.122112] cloud-init[936]: ci-info: +++++++++++++++++++++++++++Route IPv4 info++++++++++++++++++++++++++++
[   11.124736] cloud-init[936]: ci-info: +-------+-------------+----------+---------------+-----------+-------+
[   11.127725] cloud-init[936]: ci-info: | Route | Destination | Gateway  |    Genmask    | Interface | Flags |
[   11.137369] cloud-init[936]: ci-info: +-------+-------------+----------+---------------+-----------+-------+
[   11.140355] cloud-init[936]: ci-info: |   0   |   0.0.0.0   | 10.0.2.2 |    0.0.0.0    |   enp0s3  |   UG  |
[   11.143139] cloud-init[936]: ci-info: |   1   |   10.0.2.0  | 0.0.0.0  | 255.255.255.0 |   enp0s3  |   U   |
[   11.145642] cloud-init[936]: ci-info: +-------+-------------+----------+---------------+-----------+-------+
[   11.148072] cloud-init[936]: ci-info: +++++++++++++++++++Route IPv6 info+++++++++++++++++++
[   11.150530] cloud-init[936]: ci-info: +-------+-------------+---------+-----------+-------+
[   11.152640] cloud-init[936]: ci-info: | Route | Destination | Gateway | Interface | Flags |
[   11.154586] cloud-init[936]: ci-info: +-------+-------------+---------+-----------+-------+
[   11.156654] cloud-init[936]: ci-info: |   0   |  fe80::/64  |    ::   |   enp0s3  |   U   |
[   11.164937] cloud-init[936]: ci-info: |   3   |   ff00::/8  |    ::   |   enp0s3  |   U   |
[   11.167493] cloud-init[936]: ci-info: +-------+-------------+---------+-----------+-------+
[   11.169829] cloud-init[936]: Generating public/private rsa key pair.
[   11.171560] cloud-init[936]: Your identification has been saved in /etc/ssh/ssh_host_rsa_key.
[   11.173083] cloud-init[936]: Your public key has been saved in /etc/ssh/ssh_host_rsa_key.pub.
[   11.174408] cloud-init[936]: The key fingerprint is:
[   11.175603] cloud-init[936]: SHA256:soREoJIqT2uXXRmHulRP7q0fomNQP9Ghgu9v4nR8L5I root@ubuntu-xenial
[   11.177418] cloud-init[936]: The key's randomart image is:
[   11.178503] cloud-init[936]: +---[RSA 2048]----+
[   11.185230] cloud-init[936]: |  ...            |
[   11.186753] cloud-init[936]: | o .     .  .    |
[   11.187886] cloud-init[936]: |+   .  .+ oo .   |
[   11.196571] cloud-init[936]: |o  . ..ooBo .    |
[[   11.196780] cloud-init[936]: |o . . =oSoo.     |
[0;32m  OK  [0m] Started Initial cloud-init job (metadata service crawler).
[   11.197412] cloud-init[936]: |.o . =.=.oo.     |
[   11.200662] cloud-init[936]: |  + o +o. =o+    |
[   11.202056] cloud-init[936]: | . .   .=oE+.o   |
[   11.203154] cloud-init[936]: |       oo=oo...  |
[   11.204392] cloud-init[936]: +----[SHA256]-----+
[[   11.204513] cloud-init[936]: Generating public/private dsa key pair.
[0;32m  OK  [0m[   11.205295] cloud-init[936]: Your identification has been saved in /etc/ssh/ssh_host_dsa_key.
] [   11.206454] cloud-init[936]: Your public key has been saved in /etc/ssh/ssh_host_dsa_key.pub.
Reached target Network is Online.
[   11.207803] cloud-init[936]: The key fingerprint is:
[   11.210764] cloud-init[936]: SHA256:3QQaiQ3XKH0uwbtxZQ509NV4P/NyQnYeV+V2X6UjuMc root@ubuntu-xenial
[   11.212523] cloud-init[936]: The key's randomart image is:
[   11.222602]          Starting iSCSI initiator daemon (iscsid)...
cloud-init[[0;32m  OK  [0m] Reached target System Initialization.
[936]: +---[DSA 1024]----+         Starting LXD - unix socket.

[   11.225985] [[0;32m  OK  [0m] Started ACPI Events Check.
cloud-init[[0;32m  OK  [0m] Reached target Paths.
[936]: [[0;32m  OK  [0m] Listening on UUID daemon activation socket.
|      .*o=o.o  .*|[[0;32m  OK  [0m] Started Daily Cleanup of Temporary Directories.

[[0;32m  OK  [0m] Listening on D-Bus System Message Bus Socket.
[[0;32m  OK  [0m] Started Daily apt download activities.
         Starting Socket activation for snappy daemon.
[[0;32m  OK  [0m] Started Daily apt upgrade and clean activities.
[[0;32m  OK  [0m] Reached target Timers.
[[0;32m  OK  [0m] Listening on ACPID Listen Socket.
[[0;32m  OK  [0m] Reached target Cloud-config availability.
[[0;32m  OK  [0m] Listening on LXD - unix socket.
[   11.238855] cloud-init[936]: |      o.Bo++o..+=|
[   11.239975] cloud-init[936]: |       ..=.=o +.B|[[0;32m  OK  [0m] Listening on Socket activation for snappy daemon.

[   11.242730] [[0;32m  OK  [0m] Reached target Sockets.
cloud-init[[0;32m  OK  [0m] Reached target Basic System.
[936]: |        +.o=..o*B|
[   11.246714] cloud-init[936]: |        S=o Eo oB|
[   11.248328] cloud-init[936]: |        .  .  o +|
[   11.249712] cloud-init[936]: |               + |
[   11.251093] cloud-init[936]: |                 |
[   11.252490] cloud-init[936]: |                 |
[   11.253698] cloud-init[936]: +----[SHA256]-----+
[   11.254968] cloud-init[936]: Generating public/private ecdsa key pair.         Starting Login Service...

[[0;32m  OK  [0m] Started ACPI event daemon.
[   11.257593] [[0;32m  OK  [0m] Started Deferred execution scheduler.
         Starting Accounts Service...
cloud-init         Starting System Logging Service...
[936]: [[0;32m  OK  [0m] Started D-Bus System Message Bus.
Your identification has been saved in /etc/ssh/ssh_host_ecdsa_key.
[   11.273154] cloud-init[936]: Your public key has been saved in /etc/ssh/ssh_host_ecdsa_key.pub.
[   11.276334] cloud-init[936]: The key fingerprint is:
[   11.279821] cloud-init[936]: SHA256:V/m68956H4Q8fD/RE5Xlux/nCZc9fCoW/r9fJ94oAoE root@ubuntu-xenial
[   11.283547] cloud-init[936]: The key's randomart image is:
[   11.285806] cloud-init[936]: +---[ECDSA 256]---+
[   11.288528] cloud-init[936]: |                =|
[   11.290216] cloud-init[936]: |             . o.|
[   11.291691] cloud-init[936]: |       .    o  ..|
[   11.293369] cloud-init[936]: |      E .  .o.. +|
[   11.295031] cloud-init[936]: |        S..  =.*.|
[   11.296648] cloud-init[936]: |        ..  ..= B|
[   11.298393] cloud-init[936]: |         . ..o.XB|
[   11.300067] cloud-init[936]: |          . *ooB&|
[   11.301726] cloud-init[936]: |           o.BO*%|
[   11.303208] cloud-init[936]: +----[SHA256]-----+
[   11.304583] cloud-init[936]: Generating public/private ed25519 key pair.
[   11.307574] cloud-init[936]: Your identification has been saved in /etc/ssh/ssh_host_ed25519_key.
[   11.310134] cloud-init[936]: Your public key has been saved in /etc/ssh/ssh_host_ed25519_key.pub.
[   11.312626] cloud-init[936]: The key fingerprint is:
[   11.314226] cloud-init[936]: SHA256:TwZ50Tmm/Szj9OTAX0Cjvk5lv/xXzbIXt9yf6ZvX4to root@ubuntu-xenial
[   11.317759] cloud-init[936]: The key's randomart image is:
[   11.319805] cloud-init         Starting LXD - container startup/shutdown...
[936]:          Starting Virtualbox guest utils...
+--[ED25519 256]--+
         Starting LSB: MD monitoring daemon...
[[0;32m  OK  [0m] Started FUSE filesystem for LXC.
[   11.328707]          Starting Snappy daemon...
cloud-init[936]: |          .. .   |
[[0;32m  OK  [0m] Started Regular background program processing daemon.
[[0;32m  OK  [0m] Started Unattended Upgrades Shutdown.
         Starting /etc/rc.local Compatibility...
         Starting Pollinate to seed the pseudo random number generator...
         Starting LSB: Record successful boot for GRUB...
[[0;32m  OK  [0m] Started System Logging Service.
[[0;32m  OK  [0m] Started /etc/rc.local Compatibility.
[[0;32m  OK  [0m] Started iSCSI initiator daemon (iscsid).
[   11.380052] cloud-init[936]: |         . .= o  |
[   11.384476] cloud-init[936]: |        o .+ + . |
[   11.399216] cloud-init[936]: |         o. o .  |
[   11.401909] cloud-init[936]: |        S oo ooo.|
[   11.406419] cloud-init[936]: |         +  Bo=o*|
[   11.424422] cloud-init[936]: |          .o.X.+O|
[   11.427476] cloud-init[936]: |           .o.Bo@|
[   11.442552] cloud-init[936]: |           .ooE@O|
[   11.447436] [[0;32m  OK  [0m] Started Login Service.
cloud-init[936]: +----[SHA256]-----+
         Starting Authenticate and Authorize Users to Run Privileged Tasks...
         Starting Login to default iSCSI targets...
[[0;32m  OK  [0m] Started LSB: Record successful boot for GRUB.
[[0;32m  OK  [0m] Started LSB: MD monitoring daemon.
[[0;32m  OK  [0m] Started Login to default iSCSI targets.
[[0;32m  OK  [0m] Reached target Remote File Systems (Pre).
[[0;32m  OK  [0m] Reached target Remote File Systems.
         Starting LSB: automatic crash report generation...
         Starting LSB: daemon to balance interrupts for SMP systems...
         Starting LSB: Set the CPU Frequency Scaling governor to "ondemand"...
         Starting Permit User Sessions...
[[0;32m  OK  [0m] Started LXD - container startup/shutdown.
[[0;32m  OK  [0m] Started Authenticate and Authorize Users to Run Privileged Tasks.
[[0;32m  OK  [0m] Started Accounts Service.
[[0;32m  OK  [0m] Started Permit User Sessions.
         Starting Terminate Plymouth Boot Screen...
         Starting Hold until boot process finishes up...
[[0;32m  OK  [0m] Started LSB: Set the CPU Frequency Scaling governor to "ondemand".
[[0;32m  OK  [0m] Started Hold until boot process finishes up.
[[0;32m  OK  [0m] Started Terminate Plymouth Boot Screen.
[[0;32m  OK  [0m] Started LSB: daemon to balance interrupts for SMP systems.
[[0;32m  OK  [0m] Started Serial Getty on ttyS0.
         Starting Set console scheme...
[[0;32m  OK  [0m] Started Getty on tty1.
[[0;32m  OK  [0m] Reached target Login Prompts.
[[0;32m  OK  [0m] Started LSB: automatic crash report generation.
[[0;32m  OK  [0m] Started Virtualbox guest utils.
[[0;32m  OK  [0m] Started Set console scheme.
[[0;32m  OK  [0m] Started Snappy daemon.
         Starting Wait until snapd is fully seeded...
[[0;32m  OK  [0m] Started Pollinate to seed the pseudo random number generator.
         Starting OpenBSD Secure Shell server...
[[0;32m  OK  [0m] Started OpenBSD Secure Shell server.
[[0;32m  OK  [0m] Started Wait until snapd is fully seeded.
         Starting Apply the settings specified in cloud-config...
[[0;32m  OK  [0m] Reached target Multi-User System.
[[0;32m  OK  [0m] Reached target Graphical Interface.
         Starting Update UTMP about System Runlevel Changes...
[[0;32m  OK  [0m] Started Update UTMP about System Runlevel Changes.
[   15.134829] cloud-init[1267]: Generating locales (this might take a while)...
[   16.941107] cloud-init[1267]:   en_US.UTF-8... done
[   16.958322] cloud-init[1267]: Generation complete.
[   17.565816] cloud-init[1267]: Cloud-init v. 18.4-0ubuntu1~16.04.2 running 'modules:config' at Fri, 01 Mar 2019 09:36:47 +0000. Up 14.94 seconds.

Ubuntu 16.04.5 LTS ubuntu-xenial ttyS0

ubuntu-xenial login: ci-info: no authorized ssh keys fingerprints found for user ubuntu.
<14>Mar  1 09:36:51 ec2: 
<14>Mar  1 09:36:51 ec2: #############################################################
<14>Mar  1 09:36:51 ec2: -----BEGIN SSH HOST KEY FINGERPRINTS-----
<14>Mar  1 09:36:51 ec2: 1024 SHA256:3QQaiQ3XKH0uwbtxZQ509NV4P/NyQnYeV+V2X6UjuMc root@ubuntu-xenial (DSA)
<14>Mar  1 09:36:51 ec2: 256 SHA256:V/m68956H4Q8fD/RE5Xlux/nCZc9fCoW/r9fJ94oAoE root@ubuntu-xenial (ECDSA)
<14>Mar  1 09:36:51 ec2: 256 SHA256:TwZ50Tmm/Szj9OTAX0Cjvk5lv/xXzbIXt9yf6ZvX4to root@ubuntu-xenial (ED25519)
<14>Mar  1 09:36:51 ec2: 2048 SHA256:soREoJIqT2uXXRmHulRP7q0fomNQP9Ghgu9v4nR8L5I root@ubuntu-xenial (RSA)
<14>Mar  1 09:36:51 ec2: -----END SSH HOST KEY FINGERPRINTS-----
<14>Mar  1 09:36:51 ec2: #############################################################
-----BEGIN SSH HOST KEY KEYS-----
ecdsa-sha2-nistp256 AAAAE2VjZHNhLXNoYTItbmlzdHAyNTYAAAAIbmlzdHAyNTYAAABBBJTo2uaZ3tjcbUypBHVu3UE4/K6k5snuRp7ao2tC2u3b+m6cPX+EtXXHrWsp9lNxwKHlfSmvJ88goBPPy2E7WA8= root@ubuntu-xenial
ssh-ed25519 AAAAC3NzaC1lZDI1NTE5AAAAIFKldRucnuO3EeqJAb6wErpJ+5cZNQ372O0JIfbkAneO root@ubuntu-xenial
ssh-rsa AAAAB3NzaC1yc2EAAAADAQABAAABAQDQ010OxUf5WDDXtVHxiD8fcVjgkJrdJHq7Ex/S057vf9gVFAfuBO/Hr7Eq7r0bhQyjXHmoeGcdlwsx198WRZwav9ln69i/WHLEky4I4VpMwioIFq1H9wv2KPc/TAEnqfinN4pu5EpHwlQfBQifTMqX8TmHaub899RK4wT3k3Nfba1y2Ku9mGR7f2s4gkWYIlkTqQwRHreMP+ZXXdRM8b7EWNlf99Kb1kIyrW1y40le09DeSFVaFXuoRTb3r3g5yAdPdfuZUtASyGAKSPvc3J2Fd24Cw3oyQCBvUZ9p8UHBdXsLLNgEsBqOe5CNLWJYr3oBqUtMG7jjI6+Yqu0N6Qmh root@ubuntu-xenial
-----END SSH HOST KEY KEYS-----
[   18.779710] cloud-init[1314]: Cloud-init v. 18.4-0ubuntu1~16.04.2 running 'modules:final' at Fri, 01 Mar 2019 09:36:51 +0000. Up 18.45 seconds.
[   18.780121] cloud-init[1314]: ci-info: no authorized ssh keys fingerprints found for user ubuntu.
[   18.780983] cloud-init[1314]: Cloud-init v. 18.4-0ubuntu1~16.04.2 finished at Fri, 01 Mar 2019 09:36:51 +0000. Datasource DataSourceNoCloud [seed=/dev/sdb][dsmode=net].  Up 18.76 seconds
[[0;32m  OK  [0m] Closed Load/Save RF Kill Switch Status /dev/rfkill Watch.
[[0;32m  OK  [0m] Stopped target Timers.
[[0;32m  OK  [0m] Stopped Daily apt upgrade and clean activities.
[[0;32m  OK  [0m] Stopped Daily apt download activities.
[[0;32m  OK  [0m] Stopped target System Time Synchronized.
         Stopping Session 1 of user vagrant.
[[0;32m  OK  [0m] Stopped target Cloud-init target.
[[0;32m  OK  [0m] Stopped Execute cloud user/final scripts.
[[0;32m  OK  [0m] Stopped Apply the settings specified in cloud-config.
[[0;32m  OK  [0m] Stopped target Cloud-config availability.
[[0;32m  OK  [0m] Stopped target Graphical Interface.
         Stopping Accounts Service...
[[0;32m  OK  [0m] Stopped target Multi-User System.
         Stopping LSB: daemon to balance interrupts for SMP systems...
         Stopping LSB: Set the CPU Frequency Scaling governor to "ondemand"...
         Stopping Regular background program processing daemon...
         Stopping Deferred execution scheduler...
[[0;32m  OK  [0m] Stopped target Login Prompts.
         Stopping Serial Getty on ttyS0...
[[0;32m  OK  [0m] Stopped Wait until snapd is fully seeded.
         Stopping FUSE filesystem for LXC...
         Stopping LSB: Record successful boot for GRUB...
         Stopping LSB: MD monitoring daemon...
         Stopping LSB: automatic crash report generation...
         Stopping Virtualbox guest utils...
         Stopping System Logging Service...
         Stopping LXD - container startup/shutdown...
         Stopping Unattended Upgrades Shutdown...
         Stopping OpenBSD Secure Shell server...
         Stopping User Manager for UID 1000...
[[0;32m  OK  [0m] Stopped Daily Cleanup of Temporary Directories.
         Stopping Snappy daemon...
         Stopping Getty on tty1...
         Stopping ACPI event daemon...
         Stopping Authenticate and Authorize Users to Run Privileged Tasks...
         Stopping D-Bus System Message Bus...
[[0;32m  OK  [0m] Unmounted /var/lib/lxcfs.
[[0;32m  OK  [0m] Stopped Deferred execution scheduler.
[[0;32m  OK  [0m] Stopped Accounts Service.
[[0;32m  OK  [0m] Stopped System Logging Service.
[[0;32m  OK  [0m] Stopped Snappy daemon.
[[0;32m  OK  [0m] Stopped Regular background program processing daemon.
[[0;32m  OK  [0m] Stopped Authenticate and Authorize Users to Run Privileged Tasks.
[[0;32m  OK  [0m] Stopped Serial Getty on ttyS0.
[[0;32m  OK  [0m] Stopped Getty on tty1.
[[0;32m  OK  [0m] Stopped ACPI event daemon.
[[0;32m  OK  [0m] Stopped OpenBSD Secure Shell server.
[[0;32m  OK  [0m] Stopped User Manager for UID 1000.
[[0;32m  OK  [0m] Stopped Session 1 of user vagrant.
[[0;32m  OK  [0m] Stopped Unattended Upgrades Shutdown.
[[0;32m  OK  [0m] Stopped D-Bus System Message Bus.
[[0;32m  OK  [0m] Stopped FUSE filesystem for LXC.
[[0;32m  OK  [0m] Stopped LSB: daemon to balance interrupts for SMP systems.
[[0;32m  OK  [0m] Stopped LSB: Set the CPU Frequency Scaling governor to "ondemand".
[[0;32m  OK  [0m] Stopped LXD - container startup/shutdown.
[[0;32m  OK  [0m] Stopped LSB: MD monitoring daemon.
[[0;32m  OK  [0m] Stopped LSB: automatic crash report generation.
[[0;32m  OK  [0m] Stopped LSB: Record successful boot for GRUB.
[[0;32m  OK  [0m] Stopped Virtualbox guest utils.
[[0;32m  OK  [0m] Removed slice User Slice of vagrant.
         Stopping Login Service...
[[0;32m  OK  [0m] Removed slice system-getty.slice.
         Stopping Permit User Sessions...
[[0;32m  OK  [0m] Removed slice system-serial\x2dgetty.slice.
[[0;32m  OK  [0m] Stopped /etc/rc.local Compatibility.
[[0;32m  OK  [0m] Stopped Permit User Sessions.
[[0;32m  OK  [0m] Stopped target Remote File Systems.
[[0;32m  OK  [0m] Stopped target Remote File Systems (Pre).
         Stopping Login to default iSCSI targets...
[[0;32m  OK  [0m] Stopped Login Service.
[[0;32m  OK  [0m] Stopped target Basic System.
[[0;32m  OK  [0m] Stopped target Paths.
[[0;32m  OK  [0m] Stopped Forward Password Requests to Wall Directory Watch.
[[0;32m  OK  [0m] Stopped ACPI Events Check.
[[0;32m  OK  [0m] Stopped Dispatch Password Requests to Console Directory Watch.
[[0;32m  OK  [0m] Stopped target Slices.
[[0;32m  OK  [0m] Stopped target Sockets.
[[0;32m  OK  [0m] Closed UUID daemon activation socket.
[[0;32m  OK  [0m] Closed Syslog Socket.
[[0;32m  OK  [0m] Closed LXD - unix socket.
[[0;32m  OK  [0m] Closed ACPID Listen Socket.
[[0;32m  OK  [0m] Closed D-Bus System Message Bus Socket.
[[0;32m  OK  [0m] Closed Socket activation for snappy daemon.
[[0;32m  OK  [0m] Removed slice User and Session Slice.
[[0;32m  OK  [0m] Stopped target User and Group Name Lookups.
[[0;32m  OK  [0m] Stopped target System Initialization.
[[0;32m  OK  [0m] Stopped Commit a transient machine-id on disk.
[[0;32m  OK  [0m] Stopped target Swap.
         Stopping Load/Save Random Seed...
[[0;32m  OK  [0m] Stopped Create Volatile Files and Directories.
[[0;32m  OK  [0m] Stopped target Encrypted Volumes.
[[0;32m  OK  [0m] Stopped Load/Save Random Seed.
[[0;32m  OK  [0m] Stopped Login to default iSCSI targets.
         Stopping iSCSI initiator daemon (iscsid)...
[[0;32m  OK  [0m] Stopped iSCSI initiator daemon (iscsid).
[[0;32m  OK  [0m] Stopped target Network is Online.
[[0;32m  OK  [0m] Stopped Initial cloud-init job (metadata service crawler).
[[0;32m  OK  [0m] Stopped target Network.
         Stopping Raise network interfaces...
[[0;32m  OK  [0m] Stopped Raise network interfaces.
[[0;32m  OK  [0m] Stopped target Network (Pre).
[[0;32m  OK  [0m] Stopped Initial cloud-init job (pre-networking).
[[0;32m  OK  [0m] Stopped Apply Kernel Variables.
[[0;32m  OK  [0m] Stopped Load Kernel Modules.
[[0;32m  OK  [0m] Stopped target Local File Systems.
         Unmounting /run/user/1000...
[[0;32m  OK  [0m] Unmounted /run/user/1000.
[[0;32m  OK  [0m] Reached target Unmount All Filesystems.
[[0;32m  OK  [0m] Stopped target Local File Systems (Pre).
[[0;32m  OK  [0m] Stopped Remount Root and Kernel File Systems.
[[0;32m  OK  [0m] Stopped Create Static Device Nodes in /dev.
[[0;32m  OK  [0m] Reached target Shutdown.
[  169.946657] reboot: Power down
