[    0.000000] Initializing cgroup subsys cpuset
[    0.000000] Initializing cgroup subsys cpu
[    0.000000] Initializing cgroup subsys cpuacct
[    0.000000] Linux version 4.4.0-142-generic (buildd@lgw01-amd64-033) (gcc version 5.4.0 20160609 (Ubuntu 5.4.0-6ubuntu1~16.04.10) ) #168-Ubuntu SMP Wed Jan 16 21:00:45 UTC 2019 (Ubuntu 4.4.0-142.168-generic 4.4.167)
[    0.000000] Command line: BOOT_IMAGE=/boot/vmlinuz-4.4.0-142-generic root=LABEL=cloudimg-rootfs ro console=tty1 console=ttyS0
[    0.000000] KERNEL supported cpus:
[    0.000000]   Intel GenuineIntel
[    0.000000]   AMD AuthenticAMD
[    0.000000]   Centaur CentaurHauls
[    0.000000] x86/fpu: xstate_offset[2]:  576, xstate_sizes[2]:  256
[    0.000000] x86/fpu: Supporting XSAVE feature 0x01: 'x87 floating point registers'
[    0.000000] x86/fpu: Supporting XSAVE feature 0x02: 'SSE registers'
[    0.000000] x86/fpu: Supporting XSAVE feature 0x04: 'AVX registers'
[    0.000000] x86/fpu: Enabled xstate features 0x7, context size is 832 bytes, using 'standard' format.
[    0.000000] e820: BIOS-provided physical RAM map:
[    0.000000] BIOS-e820: [mem 0x0000000000000000-0x000000000009fbff] usable
[    0.000000] BIOS-e820: [mem 0x000000000009fc00-0x000000000009ffff] reserved
[    0.000000] BIOS-e820: [mem 0x00000000000f0000-0x00000000000fffff] reserved
[    0.000000] BIOS-e820: [mem 0x0000000000100000-0x000000007ffeffff] usable
[    0.000000] BIOS-e820: [mem 0x000000007fff0000-0x000000007fffffff] ACPI data
[    0.000000] BIOS-e820: [mem 0x00000000fec00000-0x00000000fec00fff] reserved
[    0.000000] BIOS-e820: [mem 0x00000000fee00000-0x00000000fee00fff] reserved
[    0.000000] BIOS-e820: [mem 0x00000000fffc0000-0x00000000ffffffff] reserved
[    0.000000] NX (Execute Disable) protection: active
[    0.000000] SMBIOS 2.5 present.
[    0.000000] Hypervisor detected: KVM
[    0.000000] e820: last_pfn = 0x7fff0 max_arch_pfn = 0x400000000
[    0.000000] MTRR: Disabled
[    0.000000] x86/PAT: MTRRs disabled, skipping PAT initialization too.
[    0.000000] CPU MTRRs all blank - virtualized system.
[    0.000000] x86/PAT: Configuration [0-7]: WB  WT  UC- UC  WB  WT  UC- UC  
[    0.000000] found SMP MP-table at [mem 0x0009fff0-0x0009ffff] mapped at [ffff88000009fff0]
[    0.000000] Scanning 1 areas for low memory corruption
[    0.000000] RAMDISK: [mem 0x3630a000-0x3717cfff]
[    0.000000] ACPI: Early table checksum verification disabled
[    0.000000] ACPI: RSDP 0x00000000000E0000 000024 (v02 VBOX  )
[    0.000000] ACPI: XSDT 0x000000007FFF0030 00003C (v01 VBOX   VBOXXSDT 00000001 ASL  00000061)
[    0.000000] ACPI: FACP 0x000000007FFF00F0 0000F4 (v04 VBOX   VBOXFACP 00000001 ASL  00000061)
[    0.000000] ACPI: DSDT 0x000000007FFF0470 0022EA (v02 VBOX   VBOXBIOS 00000002 INTL 20100528)
[    0.000000] ACPI: FACS 0x000000007FFF0200 000040
[    0.000000] ACPI: FACS 0x000000007FFF0200 000040
[    0.000000] ACPI: APIC 0x000000007FFF0240 00005C (v02 VBOX   VBOXAPIC 00000001 ASL  00000061)
[    0.000000] ACPI: SSDT 0x000000007FFF02A0 0001CC (v01 VBOX   VBOXCPUT 00000002 INTL 20100528)
[    0.000000] No NUMA configuration found
[    0.000000] Faking a node at [mem 0x0000000000000000-0x000000007ffeffff]
[    0.000000] NODE_DATA(0) allocated [mem 0x7ffeb000-0x7ffeffff]
[    0.000000] kvm-clock: Using msrs 4b564d01 and 4b564d00
[    0.000000] kvm-clock: cpu 0, msr 0:7ffe3001, primary cpu clock
[    0.000000] kvm-clock: using sched offset of 3890524304 cycles
[    0.000000] clocksource: kvm-clock: mask: 0xffffffffffffffff max_cycles: 0x1cd42e4dffb, max_idle_ns: 881590591483 ns
[    0.000000] Zone ranges:
[    0.000000]   DMA      [mem 0x0000000000001000-0x0000000000ffffff]
[    0.000000]   DMA32    [mem 0x0000000001000000-0x000000007ffeffff]
[    0.000000]   Normal   empty
[    0.000000]   Device   empty
[    0.000000] Movable zone start for each node
[    0.000000] Early memory node ranges
[    0.000000]   node   0: [mem 0x0000000000001000-0x000000000009efff]
[    0.000000]   node   0: [mem 0x0000000000100000-0x000000007ffeffff]
[    0.000000] Initmem setup node 0 [mem 0x0000000000001000-0x000000007ffeffff]
[    0.000000] ACPI: PM-Timer IO Port: 0x4008
[    0.000000] IOAPIC[0]: apic_id 2, version 32, address 0xfec00000, GSI 0-23
[    0.000000] ACPI: INT_SRC_OVR (bus 0 bus_irq 0 global_irq 2 dfl dfl)
[    0.000000] ACPI: INT_SRC_OVR (bus 0 bus_irq 9 global_irq 9 low level)
[    0.000000] Using ACPI (MADT) for SMP configuration information
[    0.000000] smpboot: Allowing 2 CPUs, 0 hotplug CPUs
[    0.000000] PM: Registered nosave memory: [mem 0x00000000-0x00000fff]
[    0.000000] PM: Registered nosave memory: [mem 0x0009f000-0x0009ffff]
[    0.000000] PM: Registered nosave memory: [mem 0x000a0000-0x000effff]
[    0.000000] PM: Registered nosave memory: [mem 0x000f0000-0x000fffff]
[    0.000000] e820: [mem 0x80000000-0xfebfffff] available for PCI devices
[    0.000000] Booting paravirtualized kernel on KVM
[    0.000000] clocksource: refined-jiffies: mask: 0xffffffff max_cycles: 0xffffffff, max_idle_ns: 7645519600211568 ns
[    0.000000] setup_percpu: NR_CPUS:512 nr_cpumask_bits:512 nr_cpu_ids:2 nr_node_ids:1
[    0.000000] PERCPU: Embedded 34 pages/cpu @ffff88007fc00000 s99480 r8192 d31592 u1048576
[    0.000000] Built 1 zonelists in Node order, mobility grouping on.  Total pages: 515960
[    0.000000] Policy zone: DMA32
[    0.000000] Kernel command line: BOOT_IMAGE=/boot/vmlinuz-4.4.0-142-generic root=LABEL=cloudimg-rootfs ro console=tty1 console=ttyS0
[    0.000000] PID hash table entries: 4096 (order: 3, 32768 bytes)
[    0.000000] Memory: 2029928K/2096696K available (8603K kernel code, 1332K rwdata, 4004K rodata, 1484K init, 1316K bss, 66768K reserved, 0K cma-reserved)
[    0.000000] SLUB: HWalign=64, Order=0-3, MinObjects=0, CPUs=2, Nodes=1
[    0.000000] Kernel/User page tables isolation: enabled
[    0.000000] Hierarchical RCU implementation.
[    0.000000] 	Build-time adjustment of leaf fanout to 64.
[    0.000000] 	RCU restricting CPUs from NR_CPUS=512 to nr_cpu_ids=2.
[    0.000000] RCU: Adjusting geometry for rcu_fanout_leaf=64, nr_cpu_ids=2
[    0.000000] NR_IRQS:33024 nr_irqs:440 16
[    0.000000] Console: colour VGA+ 80x25
[    0.000000] console [tty1] enabled
[    0.000000] console [ttyS0] enabled
[    0.000000] tsc: Detected 2496.006 MHz processor
[    0.237981] Calibrating delay loop (skipped) preset value.. 4992.01 BogoMIPS (lpj=9984024)
[    0.241273] pid_max: default: 32768 minimum: 301
[    0.242857] ACPI: Core revision 20150930
[    0.246171] ACPI: 2 ACPI AML tables successfully acquired and loaded
[    0.248163] Security Framework initialized
[    0.249424] Yama: becoming mindful.
[    0.250578] AppArmor: AppArmor initialized
[    0.255188] Dentry cache hash table entries: 262144 (order: 9, 2097152 bytes)
[    0.257404] Inode-cache hash table entries: 131072 (order: 8, 1048576 bytes)
[    0.262720] Mount-cache hash table entries: 4096 (order: 3, 32768 bytes)
[    0.264470] Mountpoint-cache hash table entries: 4096 (order: 3, 32768 bytes)
[    0.266522] Initializing cgroup subsys io
[    0.267745] Initializing cgroup subsys memory
[    0.269009] Initializing cgroup subsys devices
[    0.270340] Initializing cgroup subsys freezer
[    0.271594] Initializing cgroup subsys net_cls
[    0.272856] Initializing cgroup subsys perf_event
[    0.274159] Initializing cgroup subsys net_prio
[    0.275883] Initializing cgroup subsys hugetlb
[    0.277176] Initializing cgroup subsys pids
[    0.279603] mce: CPU supports 0 MCE banks
[    0.280811] Last level iTLB entries: 4KB 64, 2MB 8, 4MB 8
[    0.282277] Last level dTLB entries: 4KB 64, 2MB 0, 4MB 0, 1GB 4
[    0.284101] Spectre V2 : Mitigation: Full generic retpoline
[    0.285966] Spectre V2 : Spectre v2 / SpectreRSB mitigation: Filling RSB on context switch
[    0.288303] Speculative Store Bypass: Vulnerable
[    0.293387] Freeing SMP alternatives memory: 32K
[    0.302071] ftrace: allocating 32277 entries in 127 pages
[    0.378343] smpboot: APIC(0) Converting physical 0 to logical package 0
[    0.380097] smpboot: Max logical packages: 1
[    0.381766] x2apic enabled
[    0.383062] Switched APIC routing to physical x2apic.
[    0.386169] ..TIMER: vector=0x30 apic1=0 pin1=2 apic2=-1 pin2=-1
[    0.493071] smpboot: CPU0: Intel(R) Core(TM) i5-6300U CPU @ 2.40GHz (family: 0x6, model: 0x4e, stepping: 0x3)
[    0.496305] Performance Events: unsupported p6 CPU model 78 no PMU driver, software events only.
[    0.511612] KVM setup paravirtual spinlock
[    0.516768] x86: Booting SMP configuration:
[    0.518091] .... node  #0, CPUs:      #1
[    0.519441] kvm-clock: cpu 1, msr 0:7ffe3041, secondary cpu clock
[    0.522276] mce: CPU supports 0 MCE banks
[    0.525364] x86: Booted up 1 node, 2 CPUs
[    0.526891] smpboot: Total of 2 processors activated (9984.02 BogoMIPS)
[    0.529332] devtmpfs: initialized
[    0.532796] evm: security.selinux
[    0.533888] evm: security.SMACK64
[    0.534987] evm: security.SMACK64EXEC
[    0.536144] evm: security.SMACK64TRANSMUTE
[    0.537456] evm: security.SMACK64MMAP
[    0.538622] evm: security.ima
[    0.539608] evm: security.capability
[    0.541238] clocksource: jiffies: mask: 0xffffffff max_cycles: 0xffffffff, max_idle_ns: 7645041785100000 ns
[    0.544202] futex hash table entries: 512 (order: 3, 32768 bytes)
[    0.546508] pinctrl core: initialized pinctrl subsystem
[    0.548136] RTC time:  7:13:24, date: 04/12/19
[    0.549678] NET: Registered protocol family 16
[    0.561576] cpuidle: using governor ladder
[    0.574497] cpuidle: using governor menu
[    0.575996] PCCT header not found.
[    0.577246] ACPI: bus type PCI registered
[    0.578407] acpiphp: ACPI Hot Plug PCI Controller Driver version: 0.5
[    0.580484] PCI: Using configuration type 1 for base access
[    0.594974] ACPI: Added _OSI(Module Device)
[    0.596249] ACPI: Added _OSI(Processor Device)
[    0.597541] ACPI: Added _OSI(3.0 _SCP Extensions)
[    0.598830] ACPI: Added _OSI(Processor Aggregator Device)
[    0.601085] ACPI: Executed 1 blocks of module-level executable AML code
[    0.605897] ACPI: Interpreter enabled
[    0.607180] ACPI: (supports S0 S5)
[    0.608262] ACPI: Using IOAPIC for interrupt routing
[    0.609972] PCI: Using host bridge windows from ACPI; if necessary, use "pci=nocrs" and report a bug
[    0.617132] ACPI: PCI Root Bridge [PCI0] (domain 0000 [bus 00-ff])
[    0.618768] acpi PNP0A03:00: _OSC: OS supports [ASPM ClockPM Segments MSI]
[    0.620938] acpi PNP0A03:00: _OSC: not requesting OS control; OS requires [ExtendedConfig ASPM ClockPM MSI]
[    0.623622] acpi PNP0A03:00: fail to add MMCONFIG information, can't access extended PCI configuration space under this bridge.
[    0.627093] PCI host bridge to bus 0000:00
[    0.628309] pci_bus 0000:00: root bus resource [io  0x0000-0x0cf7 window]
[    0.630178] pci_bus 0000:00: root bus resource [io  0x0d00-0xffff window]
[    0.632047] pci_bus 0000:00: root bus resource [mem 0x000a0000-0x000bffff window]
[    0.634469] pci_bus 0000:00: root bus resource [mem 0x80000000-0xfdffffff window]
[    0.636757] pci_bus 0000:00: root bus resource [bus 00-ff]
[    0.640667] pci 0000:00:01.1: legacy IDE quirk: reg 0x10: [io  0x01f0-0x01f7]
[    0.643266] pci 0000:00:01.1: legacy IDE quirk: reg 0x14: [io  0x03f6]
[    0.645749] pci 0000:00:01.1: legacy IDE quirk: reg 0x18: [io  0x0170-0x0177]
[    0.648103] pci 0000:00:01.1: legacy IDE quirk: reg 0x1c: [io  0x0376]
[    0.678096] pci 0000:00:07.0: quirk: [io  0x4000-0x403f] claimed by PIIX4 ACPI
[    0.680231] pci 0000:00:07.0: quirk: [io  0x4100-0x410f] claimed by PIIX4 SMB
[    0.716874] ACPI: PCI Interrupt Link [LNKA] (IRQs 5 9 10 *11)
[    0.720970] ACPI: PCI Interrupt Link [LNKB] (IRQs 5 9 *10 11)
[    0.724034] ACPI: PCI Interrupt Link [LNKC] (IRQs 5 *9 10 11)
[    0.726870] ACPI: PCI Interrupt Link [LNKD] (IRQs 5 9 10 *11)
[    0.730005] ACPI: Enabled 2 GPEs in block 00 to 07
[    0.732784] vgaarb: setting as boot device: PCI:0000:00:02.0
[    0.735269] vgaarb: device added: PCI:0000:00:02.0,decodes=io+mem,owns=io+mem,locks=none
[    0.739250] vgaarb: loaded
[    0.740807] vgaarb: bridge control possible 0000:00:02.0
[    0.743339] SCSI subsystem initialized
[    0.744871] ACPI: bus type USB registered
[    0.746529] usbcore: registered new interface driver usbfs
[    0.748031] usbcore: registered new interface driver hub
[    0.749684] usbcore: registered new device driver usb
[    0.752192] PCI: Using ACPI for IRQ routing
[    0.754241] NetLabel: Initializing
[    0.755709] NetLabel:  domain hash size = 128
[    0.757306] NetLabel:  protocols = UNLABELED CIPSOv4
[    0.759168] NetLabel:  unlabeled traffic allowed by default
[    0.761620] amd_nb: Cannot enumerate AMD northbridges
[    0.764019] clocksource: Switched to clocksource kvm-clock
[    0.781583] AppArmor: AppArmor Filesystem Enabled
[    0.783100] pnp: PnP ACPI init
[    0.785272] pnp: PnP ACPI: found 3 devices
[    0.803936] clocksource: acpi_pm: mask: 0xffffff max_cycles: 0xffffff, max_idle_ns: 2085701024 ns
[    0.806793] NET: Registered protocol family 2
[    0.808359] TCP established hash table entries: 16384 (order: 5, 131072 bytes)
[    0.811148] TCP bind hash table entries: 16384 (order: 6, 262144 bytes)
[    0.812990] TCP: Hash tables configured (established 16384 bind 16384)
[    0.814826] UDP hash table entries: 1024 (order: 3, 32768 bytes)
[    0.817014] UDP-Lite hash table entries: 1024 (order: 3, 32768 bytes)
[    0.819368] NET: Registered protocol family 1
[    0.821130] pci 0000:00:00.0: Limiting direct PCI/PCI transfers
[    0.822700] pci 0000:00:01.0: Activating ISA DMA hang workarounds
[    0.824528] Unpacking initramfs...
[    1.105376] Freeing initrd memory: 14796K
[    1.106821] platform rtc_cmos: registered platform RTC device (no PNP device found)
[    1.109448] Scanning for low memory corruption every 60 seconds
[    1.112691] audit: initializing netlink subsys (disabled)
[    1.114150] audit: type=2000 audit(1555053210.296:1): initialized
[    1.116065] Initialise system trusted keyring
[    1.117722] HugeTLB registered 2 MB page size, pre-allocated 0 pages
[    1.120903] zbud: loaded
[    1.122405] VFS: Disk quotas dquot_6.6.0
[    1.124059] VFS: Dquot-cache hash table entries: 512 (order 0, 4096 bytes)
[    1.127214] squashfs: version 4.0 (2009/01/31) Phillip Lougher
[    1.129459] fuse init (API version 7.23)
[    1.130974] Key type big_key registered
[    1.132170] Allocating IMA MOK and blacklist keyrings.
[    1.137580] Key type asymmetric registered
[    1.138803] Asymmetric key parser 'x509' registered
[    1.140186] Block layer SCSI generic (bsg) driver version 0.4 loaded (major 249)
[    1.142546] io scheduler noop registered
[    1.143919] io scheduler deadline registered (default)
[    1.145983] io scheduler cfq registered
[    1.147246] pci_hotplug: PCI Hot Plug PCI Core version: 0.5
[    1.149014] pciehp: PCI Express Hot Plug Controller Driver version: 0.4
[    1.150907] ACPI: AC Adapter [AC] (on-line)
[    1.152218] input: Power Button as /devices/LNXSYSTM:00/LNXPWRBN:00/input/input0
[    1.154633] ACPI: Power Button [PWRF]
[    1.155893] input: Sleep Button as /devices/LNXSYSTM:00/LNXSLPBN:00/input/input1
[    1.158204] ACPI: Sleep Button [SLPF]
[    1.159868] GHES: HEST is not enabled!
[    1.160978] ACPI: Battery Slot [BAT0] (battery present)
[    1.162914] Serial: 8250/16550 driver, 32 ports, IRQ sharing enabled
 	
 !"#$%&'()*+,-./0123456789:;<=>?@ABCDEFGHIJKLMNOPQRSTUVWXYZ[\]^_`abcdefghijlmnopqrstuvwxyz{|}~ÄÅÇÉÑÖÜáàâäãåçéèêëíìîïñóòôöõúùûü†°¢£§•¶ß®©™´¨≠ÆØ∞±≤≥¥µ∂∑∏π∫ªºΩæø¿¡¬√ƒ≈∆«»… ÀÃÕŒœ–—“”‘’÷◊ÿŸ⁄€‹›ﬁﬂ‡·‚„‰ÂÊÁËÈÍÎÏÌÓÔÒÚÛÙıˆ˜¯˘˙˚¸˝˛ˇ[    1.187564] 00:02: ttyS0 at I/O 0x3f8 (irq = 4, base_baud = 115200) is a 16550A
[    1.196669] Linux agpgart interface v0.103
[    1.204326] loop: module loaded
[    1.206291] scsi host0: ata_piix
[    1.207734] scsi host1: ata_piix
[    1.208845] ata1: PATA max UDMA/33 cmd 0x1f0 ctl 0x3f6 bmdma 0xd000 irq 14
[    1.210679] ata2: PATA max UDMA/33 cmd 0x170 ctl 0x376 bmdma 0xd008 irq 15
[    1.212890] libphy: Fixed MDIO Bus: probed
[    1.214240] tun: Universal TUN/TAP device driver, 1.6
[    1.215718] tun: (C) 1999-2004 Max Krasnyansky <maxk@qualcomm.com>
[    1.217693] PPP generic driver version 2.4.2
[    1.219166] ehci_hcd: USB 2.0 'Enhanced' Host Controller (EHCI) Driver
[    1.220978] ehci-pci: EHCI PCI platform driver
[    1.222341] ehci-platform: EHCI generic platform driver
[    1.223833] ohci_hcd: USB 1.1 'Open' Host Controller (OHCI) Driver
[    1.225500] ohci-pci: OHCI PCI platform driver
[    1.226877] ohci-platform: OHCI generic platform driver
[    1.228320] uhci_hcd: USB Universal Host Controller Interface driver
[    1.230144] i8042: PNP: PS/2 Controller [PNP0303:PS2K,PNP0f03:PS2M] at 0x60,0x64 irq 1,12
[    1.233157] serio: i8042 KBD port at 0x60,0x64 irq 1
[    1.234765] serio: i8042 AUX port at 0x60,0x64 irq 12
[    1.236763] mousedev: PS/2 mouse device common for all mice
[    1.238888] input: AT Translated Set 2 keyboard as /devices/platform/i8042/serio0/input/input2
[    1.242048] rtc_cmos rtc_cmos: rtc core: registered rtc_cmos as rtc0
[    1.243894] rtc_cmos rtc_cmos: alarms up to one day, 114 bytes nvram
[    1.245709] i2c /dev entries driver
[    1.246943] device-mapper: uevent: version 1.0.3
[    1.248490] device-mapper: ioctl: 4.34.0-ioctl (2015-10-28) initialised: dm-devel@redhat.com
[    1.251070] ledtrig-cpu: registered to indicate activity on CPUs
[    1.253518] NET: Registered protocol family 10
[    1.255114] NET: Registered protocol family 17
[    1.256460] Key type dns_resolver registered
[    1.258837] registered taskstats version 1
[    1.260156] Loading compiled-in X.509 certificates
[    1.262132] Loaded X.509 cert 'Build time autogenerated kernel key: bff73e56bc0efa7435b2a24f5427674623f1be80'
[    1.264994] zswap: loaded using pool lzo/zbud
[    1.269159] Key type trusted registered
[    1.275432] Key type encrypted registered
[    1.276790] AppArmor: AppArmor sha1 policy hashing enabled
[    1.278260] ima: No TPM chip found, activating TPM-bypass!
[    1.279804] ima: Allocated hash algorithm: sha1
[    1.281148] evm: HMAC attrs: 0x1
[    1.282934]   Magic number: 15:795:217
[    1.284212] rtc_cmos rtc_cmos: setting system clock to 2019-04-12 07:13:25 UTC (1555053205)
[    1.286882] BIOS EDD facility v0.16 2004-Jun-25, 0 devices found
[    1.288565] EDD information not available.
[    1.372085] Freeing unused kernel memory: 1484K
[    1.376797] Write protecting the kernel read-only data: 14336k
[    1.384124] Freeing unused kernel memory: 1624K
[    1.388685] Freeing unused kernel memory: 92K
Loading, please wait...
starting version 229
[    1.411486] random: systemd-udevd: uninitialized urandom read (16 bytes read, 3 bits of entropy available)
[    1.412257] random: udevadm: uninitialized urandom read (16 bytes read, 3 bits of entropy available)
[    1.412278] random: udevadm: uninitialized urandom read (16 bytes read, 3 bits of entropy available)
[    1.421625] random: udevadm: uninitialized urandom read (16 bytes read, 3 bits of entropy available)
[    1.421670] random: udevadm: uninitialized urandom read (16 bytes read, 3 bits of entropy available)
[    1.421829] random: udevadm: uninitialized urandom read (16 bytes read, 3 bits of entropy available)
[    1.421883] random: udevadm: uninitialized urandom read (16 bytes read, 3 bits of entropy available)
[    1.421935] random: udevadm: uninitialized urandom read (16 bytes read, 3 bits of entropy available)
[    1.421992] random: udevadm: uninitialized urandom read (16 bytes read, 3 bits of entropy available)
[    1.422044] random: udevadm: uninitialized urandom read (16 bytes read, 3 bits of entropy available)
[    1.482879] e1000: Intel(R) PRO/1000 Network Driver - version 7.3.21-k8-NAPI
[    1.484989] e1000: Copyright (c) 1999-2006 Intel Corporation.
[    1.491146] Fusion MPT base driver 3.04.20
[    1.492407] Copyright (c) 1999-2008 LSI Corporation
[    1.498322] Fusion MPT SPI Host driver 3.04.20
[    1.517704] AVX2 version of gcm_enc/dec engaged.
[    1.519037] AES CTR mode by8 optimization enabled
[    1.702757] input: ImExPS/2 Generic Explorer Mouse as /devices/platform/i8042/serio1/input/input4
[    1.913240] e1000 0000:00:03.0 eth0: (PCI:33MHz:32-bit) 02:a9:46:80:4d:77
[    1.916048] e1000 0000:00:03.0 eth0: Intel(R) PRO/1000 Network Connection
[    1.919765] mptbase: ioc0: Initiating bringup
[    1.986020] ioc0: LSI53C1030 A0: Capabilities={Initiator}
[    2.105771] clocksource: tsc: mask: 0xffffffffffffffff max_cycles: 0x23fa7cdd331, max_idle_ns: 440795301699 ns
[    2.158792] scsi host2: ioc0: LSI53C1030 A0, FwRev=00000000h, Ports=1, MaxQ=256, IRQ=20
[    2.281948] scsi 2:0:0:0: Direct-Access     VBOX     HARDDISK         1.0  PQ: 0 ANSI: 5
[    2.294261] scsi target2:0:0: Beginning Domain Validation
[    2.304322] scsi target2:0:0: Domain Validation skipping write tests
[    2.306991] scsi target2:0:0: Ending Domain Validation
[    2.309556] scsi target2:0:0: asynchronous
[    2.316236] scsi 2:0:1:0: Direct-Access     VBOX     HARDDISK         1.0  PQ: 0 ANSI: 5
[    2.319666] scsi target2:0:1: Beginning Domain Validation
[    2.323088] scsi target2:0:1: Domain Validation skipping write tests
[    2.325310] scsi target2:0:1: Ending Domain Validation
[    2.327169] scsi target2:0:1: asynchronous
[    2.345228] sd 2:0:0:0: Attached scsi generic sg0 type 0
[    2.347748] sd 2:0:1:0: Attached scsi generic sg1 type 0
[    2.350043] sd 2:0:1:0: [sdb] 20480 512-byte logical blocks: (10.5 MB/10.0 MiB)
[    2.369663] sd 2:0:0:0: [sda] 20971520 512-byte logical blocks: (10.7 GB/10.0 GiB)
[    2.372307] sd 2:0:0:0: [sda] Write Protect is off
[    2.373695] sd 2:0:1:0: [sdb] Write Protect is off
[    2.375126] sd 2:0:0:0: [sda] Incomplete mode parameter data
[    2.376912] sd 2:0:0:0: [sda] Assuming drive cache: write through
[    2.379184] sd 2:0:1:0: [sdb] Incomplete mode parameter data
[    2.381500] sd 2:0:1:0: [sdb] Assuming drive cache: write through
[    2.386485]  sda: sda1
[    2.388937] sd 2:0:0:0: [sda] Attached SCSI disk
[    2.391402] sd 2:0:1:0: [sdb] Attached SCSI disk
[    2.699263] e1000 0000:00:08.0 eth1: (PCI:33MHz:32-bit) 08:00:27:94:25:96
[    2.701593] e1000 0000:00:08.0 eth1: Intel(R) PRO/1000 Network Connection
[    2.704829] e1000 0000:00:03.0 enp0s3: renamed from eth0
[    2.720913] e1000 0000:00:08.0 enp0s8: renamed from eth1
Begin: Loading essential drivers ... [    4.289510] md: linear personality registered for level -1
[    4.294024] md: multipath personality registered for level -4
[    4.298487] md: raid0 personality registered for level 0
[    4.304243] md: raid1 personality registered for level 1
[    4.376398] raid6: sse2x1   gen()  9061 MB/s
[    4.444668] raid6: sse2x1   xor()  7362 MB/s
[    4.512087] raid6: sse2x2   gen() 11941 MB/s
[    4.580349] raid6: sse2x2   xor()  8128 MB/s
[    4.648648] raid6: sse2x4   gen() 13875 MB/s
[    4.716037] raid6: sse2x4   xor()  8726 MB/s
[    4.784326] raid6: avx2x1   gen() 18729 MB/s
[    4.852651] raid6: avx2x2   gen() 22321 MB/s
[    4.920029] raid6: avx2x4   gen() 24683 MB/s
[    4.921338] raid6: using algorithm avx2x4 gen() 24683 MB/s
[    4.922883] raid6: using avx2x2 recovery algorithm
[    4.925399] xor: automatically using best checksumming function:
[    4.964871]    avx       : 25327.000 MB/sec
[    4.967735] async_tx: api initialized (async)
[    4.981480] md: raid6 personality registered for level 6
[    4.982963] md: raid5 personality registered for level 5
[    4.984497] md: raid4 personality registered for level 4
[    4.993779] md: raid10 personality registered for level 10
done.
Begin: Running /scripts/init-premount ... done.
Begin: Mounting root file system ... Begin: Running /scripts/local-top ... done.
Begin: Running /scripts/local-premount ... [    5.031663] Btrfs loaded
Scanning for Btrfs filesystems
done.
Warning: fsck not present, so skipping root file system
[    5.074994] EXT4-fs (sda1): mounted filesystem with ordered data mode. Opts: (null)
done.
Begin: Running /scripts/local-bottom ... done.
Begin: Running /scripts/init-bottom ... done.
[    5.213295] systemd[1]: systemd 229 running in system mode. (+PAM +AUDIT +SELINUX +IMA +APPARMOR +SMACK +SYSVINIT +UTMP +LIBCRYPTSETUP +GCRYPT +GNUTLS +ACL +XZ -LZ4 +SECCOMP +BLKID +ELFUTILS +KMOD -IDN)
[    5.220751] systemd[1]: Detected virtualization oracle.
[    5.222562] systemd[1]: Detected architecture x86-64.

Welcome to [1mUbuntu 16.04.5 LTS[0m!

[    5.228503] systemd[1]: Set hostname to <ubuntu>.
[    5.232536] systemd[1]: Initializing machine ID from random generator.
[    5.235013] systemd[1]: Installed transient /etc/machine-id file.
[    5.385140] systemd[1]: Listening on Syslog Socket.
[[0;32m  OK  [0m] Listening on Syslog Socket.
[    5.387824] systemd[1]: Listening on Journal Socket (/dev/log).
[[0;32m  OK  [0m] Listening on Journal Socket (/dev/log).
[    5.396616] systemd[1]: Listening on Journal Socket.
[[0;32m  OK  [0m] Listening on Journal Socket.
[    5.403062] systemd[1]: Started Forward Password Requests to Wall Directory Watch.
[[0;32m  OK  [0m] Started Forward Password Requests to Wall Directory Watch.
[    5.416821] systemd[1]: Listening on /dev/initctl Compatibility Named Pipe.
[[0;32m  OK  [0m] Listening on /dev/initctl Compatibility Named Pipe.
[    5.420350] systemd[1]: Reached target Encrypted Volumes.
[[0;32m  OK  [0m] Reached target Encrypted Volumes.
[    5.423256] systemd[1]: Listening on Device-mapper event daemon FIFOs.
[[0;32m  OK  [0m] Listening on Device-mapper event daemon FIFOs.
[    5.426667] systemd[1]: Listening on udev Control Socket.
[[0;32m  OK  [0m] Listening on udev Control Socket.
[    5.437586] systemd[1]: Listening on LVM2 poll daemon socket.
[[0;32m  OK  [0m] Listening on LVM2 poll daemon socket.
[    5.446173] systemd[1]: Reached target User and Group Name Lookups.
[[0;32m  OK  [0m] Reached target User and Group Name Lookups.
[    5.460638] systemd[1]: Reached target Swap.
[[0;32m  OK  [0m] Reached target Swap.
[    5.464179] systemd[1]: Reached target System Time Synchronized.
[[0;32m  OK  [0m] Reached target System Time Synchronized.
[    5.468154] systemd[1]: Created slice User and Session Slice.
[[0;32m  OK  [0m] Created slice User and Session Slice.
[    5.471985] systemd[1]: Set up automount Arbitrary Executable File Formats File System Automount Point.
[[0;32m  OK  [0m] Set up automount Arbitrary Executab...ats File System Automount Point.
[    5.476300] systemd[1]: Listening on LVM2 metadata daemon socket.
[[0;32m  OK  [0m] Listening on LVM2 metadata daemon socket.
[    5.479108] systemd[1]: Started Trigger resolvconf update for networkd DNS.
[[0;32m  OK  [0m] Started Trigger resolvconf update for networkd DNS.
[    5.482390] systemd[1]: Listening on Journal Audit Socket.
[[0;32m  OK  [0m] Listening on Journal Audit Socket.
[    5.485768] systemd[1]: Created slice System Slice.
[[0;32m  OK  [0m] Created slice System Slice.
[    5.500730] systemd[1]: Mounting Debug File System...
         Mounting Debug File System...
[    5.504533] systemd[1]: Created slice system-serial\x2dgetty.slice.
[[0;32m  OK  [0m] Created slice system-serial\x2dgetty.slice.
[    5.508838] systemd[1]: Starting Nameserver information manager...
         Starting Nameserver information manager...
[    5.517304] systemd[1]: Starting Remount Root and Kernel File Systems...
         Starting Remount Root and Kernel File Systems...
[    5.522196] systemd[1]: Starting Load Kernel Modules...
[    5.523506] EXT4-fs (sda1): re-mounted. Opts: (null)
         Starting Load Kernel Modules...
[    5.527849] systemd[1]: Mounting POSIX Message Queue File System...
         Mounting POSIX Message Queue File System...
[    5.537297] systemd[1]: Mounting Huge Pages File System...
[    5.539419] Loading iSCSI transport class v2.0-870.
         Mounting Huge Pages File System...
[    5.548749] systemd[1]: Reached target Slices.
[[0;32m  OK  [0m] Reached target Slices.
[    5.552818] iscsi: registered transport (tcp)
[    5.576333] systemd[1]: Starting Monitoring of LVM2 mirrors, snapshots etc. using dmeventd or progress polling...
         Starting Monitoring of LVM2 mirrors... dmeventd or progress polling...
[    5.582021] systemd[1]: Starting Set console keymap...
         Starting Set console keymap...
[    5.585716] systemd[1]: Starting Create list of required static device nodes for the current kernel...
         Starting Create list of required st... nodes for the current kernel...
[    5.597919] systemd[1]: Starting Uncomplicated firewall...
         Starting Uncomplicated firewall...
[    5.601381] systemd[1]: Listening on udev Kernel Socket.
[[0;32m  OK  [0m] Listening on udev Kernel Socket.
[    5.605240] systemd[1]: Starting Journal Service...
         Starting Journal[    5.607278] iscsi: registered transport (iser)
 Service...
[    5.615256] systemd[1]: Mounted Huge Pages File System.
[[0;32m  OK  [0m] Mounted Huge Pages File System.
[    5.624634] systemd[1]: Mounted Debug File System.
[[0;32m  OK  [0m] Mounted Debug File System.
[    5.627428] systemd[1]: Mounted POSIX Message Queue File System.
[[0;32m  OK  [0m] Mounted POSIX Message Queue File System.
[    5.631942] systemd[1]: Started Remount Root and Kernel File Systems.
[[0;32m  OK  [0m] Started Remount Root and Kernel File Systems.
[    5.641561] systemd[1]: Started Load Kernel Modules.
[[0;32m  OK  [0m] Started Load Kernel Modules.
[    5.644757] systemd[1]: Started Create list of required static device nodes for the current kernel.
[[0;32m  OK  [0m] Started Create list of required sta...ce nodes for the current kernel.
[    5.653969] systemd[1]: Started Uncomplicated firewall.
[[0;32m  OK  [0m] Started Uncomplicated firewall.
[    5.672555] systemd[1]: Started Nameserver information manager.
[[0;32m  OK  [0m] Started Nameserver information manager.
[    5.679312] systemd[1]: Started Journal Service.
[[0;32m  OK  [0m] Started Journal Service.
[[0;32m  OK  [0m] Started Set console keymap.
[[0;32m  OK  [0m] Started LVM2 metadata daemon.
         Starting Create Static Device Nodes in /dev...
         Mounting FUSE Control File System...
         Starting Apply Kernel Variables...
         Starting Flush Journal to Persistent Storage...
         Starting Load/Save Random Seed...
         Starting udev Coldplug all Devices...
[[0;32m  OK  [0m] Mounted FUSE Control File System.
[[0;32m  OK  [0m] Started Load/Save Random Seed.
[[0;32m  OK  [0m] Started Create Static Device Nodes in /dev.
[[0;32m  OK  [0m] Started Apply Kernel Variables.
[[0;32m  OK  [0m] Started Flush Journal to Persistent Storage.
[[0;32m  OK  [0m] Started Monitoring of LVM2 mirrors,...ng dmeventd or progress polling.
[[0;32m  OK  [0m] Started udev Coldplug all Devices.
         Starting udev Kernel Device Manager...
[[0;32m  OK  [0m] Reached target Local File Systems (Pre).
[[0;32m  OK  [0m] Reached target Local File Systems.
         Starting LSB: AppArmor initialization...
         Starting Initial cloud-init job (pre-networking)...
         Starting Set console font and keymap...
         Starting Create Volatile Files and Directories...
         Starting Tell Plymouth To Write Out Runtime Data...
         Starting Commit a transient machine-id on disk...
[[0;32m  OK  [0m] Started Create Volatile Files and Directories.
[[0;32m  OK  [0m] Started Tell Plymouth To Write Out Runtime Data.
[[0;32m  OK  [0m] Started udev Kernel Device Manager.
[[0;32m  OK  [0m] Started Commit a transient machine-id on disk.
[[0;32m  OK  [0m] Started Dispatch Password Requests to Console Directory Watch.
         Starting Update UTMP about System Boot/Shutdown...
[[0;32m  OK  [0m] Started Update UTMP about System Boot/Shutdown.
[[0;32m  OK  [0m] Found device /dev/ttyS0.
[[0;32m  OK  [0m] Listening on Load/Save RF Kill Switch Status /dev/rfkill Watch.
[    7.545599] cloud-init[473]: Cloud-init v. 18.4-0ubuntu1~16.04.2 running 'init-local' at Fri, 12 Apr 2019 07:13:31 +0000. Up 6.98 seconds.
[[0;32m  OK  [0m] Started Initial cloud-init job (pre-networking).
[[0;32m  OK  [0m] Reached target Network (Pre).
[[0;32m  OK  [0m] Started LSB: AppArmor initialization.
         Starting Raise network interfaces...
[[0;32m  OK  [0m] Started Set console font and keymap.
[[0;32m  OK  [0m] Created slice system-getty.slice.
[[0;32m  OK  [0m] Started Raise network interfaces.
[[0;32m  OK  [0m] Reached target Network.
         Starting Initial cloud-init job (metadata service crawler)...
[   10.014494] cloud-init[953]: Cloud-init v. 18.4-0ubuntu1~16.04.2 running 'init' at Fri, 12 Apr 2019 07:13:34 +0000. Up 9.38 seconds.
[   10.016564] cloud-init[953]: ci-info: ++++++++++++++++++++++++++++++++++++++Net device info+++++++++++++++++++++++++++++++++++++++
[   10.018297] cloud-init[953]: ci-info: +--------+-------+----------------------------+---------------+--------+-------------------+
[   10.019852] cloud-init[953]: ci-info: | Device |   Up  |          Address           |      Mask     | Scope  |     Hw-Address    |
[   10.021615] cloud-init[953]: ci-info: +--------+-------+----------------------------+---------------+--------+-------------------+
[   10.033019] cloud-init[953]: ci-info: | enp0s3 |  True |         10.0.2.15          | 255.255.255.0 | global | 02:a9:46:80:4d:77 |
[   10.044691] cloud-init[953]: ci-info: | enp0s3 |  True | fe80::a9:46ff:fe80:4d77/64 |       .       |  link  | 02:a9:46:80:4d:77 |
[   10.046705] cloud-init[953]: ci-info: | enp0s8 | False |             .              |       .       |   .    | 08:00:27:94:25:96 |
[   10.052495] cloud-init[953]: ci-info: |   lo   |  True |         127.0.0.1          |   255.0.0.0   |  host  |         .         |
[   10.054349] cloud-init[953]: ci-info: |   lo   |  True |          ::1/128           |       .       |  host  |         .         |
[   10.056263] cloud-init[953]: ci-info: +--------+-------+----------------------------+---------------+--------+-------------------+
[   10.064718] cloud-init[953]: ci-info: +++++++++++++++++++++++++++Route IPv4 info++++++++++++++++++++++++++++
[   10.066570] cloud-init[953]: ci-info: +-------+-------------+----------+---------------+-----------+-------+
[   10.067923] cloud-init[953]: ci-info: | Route | Destination | Gateway  |    Genmask    | Interface | Flags |
[   10.076904] cloud-init[953]: ci-info: +-------+-------------+----------+---------------+-----------+-------+
[   10.078476] cloud-init[953]: ci-info: |   0   |   0.0.0.0   | 10.0.2.2 |    0.0.0.0    |   enp0s3  |   UG  |
[   10.080052] cloud-init[953]: ci-info: |   1   |   10.0.2.0  | 0.0.0.0  | 255.255.255.0 |   enp0s3  |   U   |
[   10.083254] cloud-init[953]: ci-info: +-------+-------------+----------+---------------+-----------+-------+
[   10.086346] cloud-init[953]: ci-info: +++++++++++++++++++Route IPv6 info+++++++++++++++++++
[   10.088977] cloud-init[953]: ci-info: +-------+-------------+---------+-----------+-------+
[   10.091734] cloud-init[953]: ci-info: | Route | Destination | Gateway | Interface | Flags |
[   10.094483] cloud-init[953]: ci-info: +-------+-------------+---------+-----------+-------+
[   10.097242] cloud-init[953]: ci-info: |   0   |  fe80::/64  |    ::   |   enp0s3  |   U   |
[   10.099848] [[0;32m  OK  [0m] Started Initial cloud-init job (metadata service crawler).
[[0;32m  OK  [0m] Reached target Network is Online.
cloud-init[953]: ci-info: |   3   |   ff00::/8  |    ::   |   enp0s3  |   U   |
[   10.104315] cloud-init[953]: ci-info: +-------+-------------+---------+-----------+-------+
[   10.106164] cloud-init[953]: Generating public/private rsa key pair.
[   10.107664] cloud-init[953]: Your identification has been saved in /etc/ssh/ssh_host_rsa_key.
[   10.109501] cloud-init[953]: Your public key has been saved in /etc/ssh/ssh_host_rsa_key.pub.
[   10.111263] cloud-init[953]: The key fingerprint is:         Starting iSCSI initiator daemon (iscsid)...
[[0;32m  OK  [0m] Reached target System Initialization.
[[0;32m  OK  [0m] Listening on D-Bus System Message Bus Socket.
[[0;32m  OK  [0m] Listening on ACPID Listen Socket.
[[0;32m  OK  [0m] Started Daily Cleanup of Temporary Directories.
         Starting Socket activation for snappy daemon.
[[0;32m  OK  [0m] Listening on UUID daemon activation socket.
[[0;32m  OK  [0m] Started Daily apt download activities.

[   10.118588] cloud-init[953]: SHA256:JXz9/eRBRaBqnuTozmRD1tjw+ft+kSmGnWxpWLop2KI root@ubuntu-xenial
[   10.120369] cloud-init[953]: The key's randomart image is:
[   10.121573] cloud-init[953]: +---[RSA 2048]----+
[   10.123563] cloud-init[953]: |              .oo|
[   10.123875] cloud-init[953]: |       .   . .  .|
[   10.124669] cloud-init[953]: |        + o o  . |
[   10.125248] cloud-init[953]: |         X o o.. |
[   10.125838] cloud-init[953]: |        S O B +.=|
[   10.126252] cloud-init[953]: |       o * * X *o|
[   10.126907] cloud-init[953]: |        B + B . +|
[   10.127578] cloud-init[953]: |       B + o .  .|
[   10.128085] cloud-init[953]: |     E..= . .oo. |
[   10.128719] cloud-init[953]: +----[SHA256]-----+
[   10.129155] cloud-init[953]: Generating public/private dsa key pair.
[   10.129840] cloud-init[953]: Your identification has been saved in /etc/ssh/ssh_host_dsa_key.
[   10.130541] cloud-init[953]: Your public key has been saved in /etc/ssh/ssh_host_dsa_key.pub.
[   10.131266] cloud-init[953]: The key fingerprint is:
[   10.131878] cloud-init[953]: SHA256:8CHa6VKlmxIBJaUUdiB5eCzuGJLtKakHmO2Kolf9TvA root@ubuntu-xenial
[   10.132524] cloud-init[953]: The key's randomart image is:
[   10.132821] cloud-init[953]: +---[DSA 1024]----+
[   10.133503] cloud-init[953]: |.+B=+            |
[   10.133802] cloud-init[953]: |+++=             |
[   10.134429] cloud-init[953]: |.*. . o o        |
[   10.135073] cloud-init[953]: |+..  + B .       |
[   10.135378] cloud-init[953]: |=* .o.* S        |
[   10.135682] cloud-init[953]: |B.+ .+.=         |
[   10.136012] cloud-init[953]: |.+ .o +.E        |
[   10.136648] cloud-init[953]: |+ +  o ..        |
[   10.137298] cloud-init[953]: |*+     ..        |
[   10.137601] cloud-init[953]: +----[SHA256]-----+
[   10.138233] cloud-init[953]: Generating public/private ecdsa key pair.
[   10.138858] cloud-init[953]: Your identification has been saved in /etc/ssh/ssh_host_ecdsa_key.
[   10.139568] cloud-init[953]: Your public key has been saved in /etc/ssh/ssh_host_ecdsa_key.pub.
[   10.140481] cloud-init[953]: The key fingerprint is:
[   10.140933] cloud-init[953]: SHA256:BcT7dWJQiFMnMJRFTMXI7e5O7X+UpdDs8BnXlHMIPl8 root@ubuntu-xenial
[   10.141600] cloud-init[953]: The key's randomart image is:
[   10.142283] cloud-init[953]: +---[ECDSA 256]---+
[   10.142719] cloud-init[953]: |       +*@*B=. ..|
[   10.143408] cloud-init[953]: |        =o*+o .oo|
[   10.143870] cloud-init[953]: |         o.ooo .E|
[   10.144534] cloud-init[953]: |        ..  Bo=.+|
[   10.145216] cloud-init[953]: |        S. + B.=o|
[   10.145648] cloud-init[953]: |          . ..=..|
[   10.146372] cloud-init[953]: |           .. .. |
[   10.147084] cloud-init[953]: |           ...  .|
[   10.147521] cloud-init[953]: |           .. ..o|
[   10.148438] cloud-init[953]: +----[SHA256]-----+
[   10.149131] cloud-init[953]: Generating public/private ed25519 key pair.
[   10.149584] cloud-init[953]: Your identification has been saved in /etc/ssh/ssh_host_ed25519_key.
[   10.150331] cloud-init[953]: Your public key has been saved in /etc/ssh/ssh_host_ed25519_key.pub.
[   10.151041] cloud-init[953]: The key fingerprint is:
[   10.151498] cloud-init[953]: SHA256:zB0P6YSUMveAw7PzfJeCOWMccBrTyu6Tj6enUQyVpjo root@ubuntu-xenial
[   10.152383] cloud-init[953]: The key's randomart image is:
[   10.153030] cloud-init[953]: +--[ED25519 256]--+
[   10.153479] cloud-init[953]: |     . ooo       |
[   10.154155] cloud-init[953]: |      @oO. .     |
[   10.155127] cloud-init[953]: |     ..^.o=      |
[   10.155709] cloud-init[953]: |      B=.+.+     |
[   10.156450] cloud-init[953]: |     o =S+o ..   |
[   10.156996] cloud-init[953]: |    E ..X o o    |
[   10.157700] cloud-init[953]: |     o.o + o     |
[   10.158464] cloud-init[953]: |      +oo        |
[   10.158603] cloud-init[953]: |      +B.        |
[   10.159147] cloud-init[953]: +----[SHA256]-----+
[[0;32m  OK  [0m] Started ACPI Events Check.
[[0;32m  OK  [0m] Reached target Paths.
[[0;32m  OK  [0m] Started Daily apt upgrade and clean activities.
[[0;32m  OK  [0m] Reached target Timers.
         Starting LXD - unix socket.
[[0;32m  OK  [0m] Reached target Cloud-config availability.
[[0;32m  OK  [0m] Listening on Socket activation for snappy daemon.
[[0;32m  OK  [0m] Listening on LXD - unix socket.
[[0;32m  OK  [0m] Started iSCSI initiator daemon (iscsid).
         Starting Login to default iSCSI targets...
[[0;32m  OK  [0m] Reached target Sockets.
[[0;32m  OK  [0m] Reached target Basic System.
         Starting LSB: MD monitoring daemon...
[[0;32m  OK  [0m] Started D-Bus System Message Bus.
[[0;32m  OK  [0m] Started Unattended Upgrades Shutdown.
         Starting System Logging Service...
         Starting Login Service...
[[0;32m  OK  [0m] Started Deferred execution scheduler.
[[0;32m  OK  [0m] Started ACPI event daemon.
         Starting Accounts Service...
         Starting LXD - container startup/shutdown...
         Starting Pollinate to seed the pseudo random number generator...
         Starting /etc/rc.local Compatibility...
[[0;32m  OK  [0m] Started FUSE filesystem for LXC.
         Starting LSB: Record successful boot for GRUB...
         Starting Virtualbox guest utils...
         Starting Snappy daemon...
[[0;32m  OK  [0m] Started Regular background program processing daemon.
[[0;32m  OK  [0m] Started System Logging Service.
[[0;32m  OK  [0m] Started /etc/rc.local Compatibility.
[[0;32m  OK  [0m] Started LSB: MD monitoring daemon.
[[0;32m  OK  [0m] Started Login to default iSCSI targets.
[[0;32m  OK  [0m] Started LXD - container startup/shutdown.
[[0;32m  OK  [0m] Started LSB: Record successful boot for GRUB.
[[0;32m  OK  [0m] Started Login Service.
         Starting Authenticate and Authorize Users to Run Privileged Tasks...
[[0;32m  OK  [0m] Reached target Remote File Systems (Pre).
[[0;32m  OK  [0m] Reached target Remote File Systems.
         Starting LSB: daemon to balance interrupts for SMP systems...
         Starting LSB: Set the CPU Frequency Scaling governor to "ondemand"...
         Starting LSB: automatic crash report generation...
         Starting Permit User Sessions...
[[0;32m  OK  [0m] Started Permit User Sessions.
[[0;32m  OK  [0m] Started Authenticate and Authorize Users to Run Privileged Tasks.
[[0;32m  OK  [0m] Started Accounts Service.
         Starting Hold until boot process finishes up...
         Starting Terminate Plymouth Boot Screen...
[[0;32m  OK  [0m] Started LSB: Set the CPU Frequency Scaling governor to "ondemand".
[[0;32m  OK  [0m] Started Hold until boot process finishes up.
[[0;32m  OK  [0m] Started LSB: daemon to balance interrupts for SMP systems.
[[0;32m  OK  [0m] Started Snappy daemon.
[[0;32m  OK  [0m] Started Terminate Plymouth Boot Screen.
[[0;32m  OK  [0m] Started Virtualbox guest utils.
[[0;32m  OK  [0m] Started LSB: automatic crash report generation.
         Starting Wait until snapd is fully seeded...
         Starting Set console scheme...
[[0;32m  OK  [0m] Started Getty on tty1.
[[0;32m  OK  [0m] Started Serial Getty on ttyS0.
[[0;32m  OK  [0m] Reached target Login Prompts.
[[0;32m  OK  [0m] Started Set console scheme.
[[0;32m  OK  [0m] Started Pollinate to seed the pseudo random number generator.
         Starting OpenBSD Secure Shell server...
[[0;32m  OK  [0m] Started OpenBSD Secure Shell server.
[[0;32m  OK  [0m] Created slice User Slice of vagrant.
         Starting User Manager for UID 1000...
[[0;32m  OK  [0m] Started Session 1 of user vagrant.
[[0;32m  OK  [0m] Started User Manager for UID 1000.

Ubuntu 16.04.5 LTS ubuntu-xenial ttyS0

ubuntu-xenial login: [   18.713655] cloud-init[1479]: Generating locales (this might take a while)...
[   20.100849] cloud-init[1479]:   en_US.UTF-8... done
[   20.101140] cloud-init[1479]: Generation complete.
[   20.542999] cloud-init[1479]: Cloud-init v. 18.4-0ubuntu1~16.04.2 running 'modules:config' at Fri, 12 Apr 2019 07:13:43 +0000. Up 18.49 seconds.
ci-info: no authorized ssh keys fingerprints found for user ubuntu.
<14>Apr 12 07:13:45 ec2: 
<14>Apr 12 07:13:45 ec2: #############################################################
<14>Apr 12 07:13:45 ec2: -----BEGIN SSH HOST KEY FINGERPRINTS-----
<14>Apr 12 07:13:45 ec2: 1024 SHA256:8CHa6VKlmxIBJaUUdiB5eCzuGJLtKakHmO2Kolf9TvA root@ubuntu-xenial (DSA)
<14>Apr 12 07:13:45 ec2: 256 SHA256:BcT7dWJQiFMnMJRFTMXI7e5O7X+UpdDs8BnXlHMIPl8 root@ubuntu-xenial (ECDSA)
<14>Apr 12 07:13:45 ec2: 256 SHA256:zB0P6YSUMveAw7PzfJeCOWMccBrTyu6Tj6enUQyVpjo root@ubuntu-xenial (ED25519)
<14>Apr 12 07:13:45 ec2: 2048 SHA256:JXz9/eRBRaBqnuTozmRD1tjw+ft+kSmGnWxpWLop2KI root@ubuntu-xenial (RSA)
<14>Apr 12 07:13:45 ec2: -----END SSH HOST KEY FINGERPRINTS-----
<14>Apr 12 07:13:45 ec2: #############################################################
-----BEGIN SSH HOST KEY KEYS-----
ecdsa-sha2-nistp256 AAAAE2VjZHNhLXNoYTItbmlzdHAyNTYAAAAIbmlzdHAyNTYAAABBBDJ7GoQu1tu3lSMavrIPl41hAsRhx/910BQGJB8euSpXaRJ0o7F+vFtiYhS3Vl0qpZPmBXEs7eqxmzzNa9BqeCM= root@ubuntu-xenial
ssh-ed25519 AAAAC3NzaC1lZDI1NTE5AAAAILRLA2vV1OFh/jSiyvBcuQ3mLcJCMSDvE6HtQF2PQSgC root@ubuntu-xenial
ssh-rsa AAAAB3NzaC1yc2EAAAADAQABAAABAQC85m59xscaqb2eV11GIm8ukR7aHpPqIdZ0OHHyqkTjODO04GxBPTM7BdHWn7ZQwNuDKatpvifh8uvE5B+mNu+4lDLV/DNZlNxJub23ZTgot5pKLfAy8fbHVQAZh7X3TnZfqlcxtV9o/mZwjtqKXqcW+d9NPMcTist077KlJVDX+zpmKFSsDzylFjKkOuopCpsE5pzvzHFTQmRxmKU9hByVA2HvQxU/HFEyfLS9Tfxk6mgmm5bfcA7t05UKL/Jc8gXWbxb+A+wJXPikgDRb53FmlGAlpi/VagaMRTQkbF299cjk9fBvQcCmCZqWye+nrDg0qCJdTc8aVKlJBzwMC0QF root@ubuntu-xenial
-----END SSH HOST KEY KEYS-----
[   21.402087] cloud-init[1546]: Cloud-init v. 18.4-0ubuntu1~16.04.2 running 'modules:final' at Fri, 12 Apr 2019 07:13:45 +0000. Up 21.19 seconds.
[   21.402340] cloud-init[1546]: ci-info: no authorized ssh keys fingerprints found for user ubuntu.
[   21.402967] cloud-init[1546]: Cloud-init v. 18.4-0ubuntu1~16.04.2 finished at Fri, 12 Apr 2019 07:13:45 +0000. Datasource DataSourceNoCloud [seed=/dev/sdb][dsmode=net].  Up 21.37 seconds
